Using pre-set license
Built from '2022.3/staging' branch; Version is '2022.3.46f1 (8e9b8558c41a) revision 9345925'; Using compiler version '192829333'; Build Type 'Release'
OS: 'Windows 11  (10.0.26100) 64bit Core' Language: 'en' Physical Memory: 32475 MB
BatchMode: 1, IsHumanControllingUs: 0, StartBugReporterOnCrash: 0, Is64bit: 1, IsPro: 1

COMMAND LINE ARGUMENTS:
C:\Program Files\Unity\Hub\Editor\2022.3.46f1\Editor\Unity.exe
-adb2
-batchMode
-noUpm
-name
AssetImportWorker11
-projectPath
C:/Users/40sst/clash-nexus/clash-nexus
-logFile
Logs/AssetImportWorker11.log
-srvPort
64399
Successfully changed project path to: C:/Users/40sst/clash-nexus/clash-nexus
C:/Users/40sst/clash-nexus/clash-nexus
[UnityMemory] Configuration Parameters - Can be set up in boot.config
    "memorysetup-bucket-allocator-granularity=16"
    "memorysetup-bucket-allocator-bucket-count=8"
    "memorysetup-bucket-allocator-block-size=33554432"
    "memorysetup-bucket-allocator-block-count=8"
    "memorysetup-main-allocator-block-size=16777216"
    "memorysetup-thread-allocator-block-size=16777216"
    "memorysetup-gfx-main-allocator-block-size=16777216"
    "memorysetup-gfx-thread-allocator-block-size=16777216"
    "memorysetup-cache-allocator-block-size=4194304"
    "memorysetup-typetree-allocator-block-size=2097152"
    "memorysetup-profiler-bucket-allocator-granularity=16"
    "memorysetup-profiler-bucket-allocator-bucket-count=8"
    "memorysetup-profiler-bucket-allocator-block-size=33554432"
    "memorysetup-profiler-bucket-allocator-block-count=8"
    "memorysetup-profiler-allocator-block-size=16777216"
    "memorysetup-profiler-editor-allocator-block-size=1048576"
    "memorysetup-temp-allocator-size-main=16777216"
    "memorysetup-job-temp-allocator-block-size=2097152"
    "memorysetup-job-temp-allocator-block-size-background=1048576"
    "memorysetup-job-temp-allocator-reduction-small-platforms=262144"
    "memorysetup-allocator-temp-initial-block-size-main=262144"
    "memorysetup-allocator-temp-initial-block-size-worker=262144"
    "memorysetup-temp-allocator-size-background-worker=32768"
    "memorysetup-temp-allocator-size-job-worker=262144"
    "memorysetup-temp-allocator-size-preload-manager=33554432"
    "memorysetup-temp-allocator-size-nav-mesh-worker=65536"
    "memorysetup-temp-allocator-size-audio-worker=65536"
    "memorysetup-temp-allocator-size-cloud-worker=32768"
    "memorysetup-temp-allocator-size-gi-baking-worker=262144"
    "memorysetup-temp-allocator-size-gfx=262144"
Player connection [28980]  Target information:

Player connection [28980]  * "[IP] 10.20.73.189 [Port] 0 [Flags] 2 [Guid] 2977238894 [EditorId] 2977238894 [Version] 1048832 [Id] WindowsEditor(7,ifwoctopi) [Debug] 1 [PackageName] WindowsEditor [ProjectName] Editor" 

Player connection [28980] Host joined multi-casting on [225.0.0.222:54997]...
Player connection [28980] Host joined alternative multi-casting on [225.0.0.222:34997]...
[PhysX] Initialized MultithreadedTaskDispatcher with 24 workers.
Refreshing native plugins compatible for Editor in 5.62 ms, found 3 plugins.
Preloading 0 native plugins for Editor in 0.00 ms.
Initialize engine version: 2022.3.46f1 (8e9b8558c41a)
[Subsystems] Discovering subsystems at path C:/Program Files/Unity/Hub/Editor/2022.3.46f1/Editor/Data/Resources/UnitySubsystems
[Subsystems] Discovering subsystems at path C:/Users/40sst/clash-nexus/clash-nexus/Assets
GfxDevice: creating device client; threaded=0; jobified=0
Direct3D:
    Version:  Direct3D 11.0 [level 11.1]
    Renderer: NVIDIA GeForce RTX 4070 Laptop GPU (ID=0x2860)
    Vendor:   NVIDIA
    VRAM:     7948 MB
    Driver:   32.0.15.6624
Initialize mono
Mono path[0] = 'C:/Program Files/Unity/Hub/Editor/2022.3.46f1/Editor/Data/Managed'
Mono path[1] = 'C:/Program Files/Unity/Hub/Editor/2022.3.46f1/Editor/Data/MonoBleedingEdge/lib/mono/unityjit-win32'
Mono config path = 'C:/Program Files/Unity/Hub/Editor/2022.3.46f1/Editor/Data/MonoBleedingEdge/etc'
Using monoOptions --debugger-agent=transport=dt_socket,embedding=1,server=y,suspend=n,address=127.0.0.1:56496
Begin MonoManager ReloadAssembly
Registering precompiled unity dll's ...
Register platform support module: C:/Program Files/Unity/Hub/Editor/2022.3.46f1/Editor/Data/PlaybackEngines/WindowsStandaloneSupport/UnityEditor.WindowsStandalone.Extensions.dll
Registered in 0.005650 seconds.
- Loaded All Assemblies, in  0.210 seconds
Native extension for WindowsStandalone target not found
Mono: successfully reloaded assembly
- Finished resetting the current domain, in  0.156 seconds
Domain Reload Profiling: 365ms
	BeginReloadAssembly (65ms)
		ExecutionOrderSort (0ms)
		DisableScriptedObjects (0ms)
		BackupInstance (0ms)
		ReleaseScriptingObjects (0ms)
		CreateAndSetChildDomain (0ms)
	RebuildCommonClasses (20ms)
	RebuildNativeTypeToScriptingClass (6ms)
	initialDomainReloadingComplete (37ms)
	LoadAllAssembliesAndSetupDomain (81ms)
		LoadAssemblies (63ms)
		RebuildTransferFunctionScriptingTraits (0ms)
		AnalyzeDomain (80ms)
			TypeCache.Refresh (79ms)
				TypeCache.ScanAssembly (71ms)
			ScanForSourceGeneratedMonoScriptInfo (0ms)
			ResolveRequiredComponents (0ms)
	FinalizeReload (156ms)
		ReleaseScriptCaches (0ms)
		RebuildScriptCaches (0ms)
		SetupLoadedEditorAssemblies (128ms)
			LogAssemblyErrors (0ms)
			InitializePlatformSupportModulesInManaged (6ms)
			SetLoadedEditorAssemblies (5ms)
			RefreshPlugins (0ms)
			BeforeProcessingInitializeOnLoad (1ms)
			ProcessInitializeOnLoadAttributes (85ms)
			ProcessInitializeOnLoadMethodAttributes (31ms)
			AfterProcessingInitializeOnLoad (0ms)
			EditorAssembliesLoaded (0ms)
		ExecutionOrderSort2 (0ms)
		AwakeInstancesAfterBackupRestoration (0ms)
========================================================================
Worker process is ready to serve import requests
Caller must complete domain reload
Begin MonoManager ReloadAssembly
- Loaded All Assemblies, in  0.411 seconds
Native extension for WindowsStandalone target not found
Mono: successfully reloaded assembly
- Finished resetting the current domain, in  0.487 seconds
Domain Reload Profiling: 896ms
	BeginReloadAssembly (90ms)
		ExecutionOrderSort (0ms)
		DisableScriptedObjects (3ms)
		BackupInstance (0ms)
		ReleaseScriptingObjects (0ms)
		CreateAndSetChildDomain (12ms)
	RebuildCommonClasses (20ms)
	RebuildNativeTypeToScriptingClass (6ms)
	initialDomainReloadingComplete (25ms)
	LoadAllAssembliesAndSetupDomain (267ms)
		LoadAssemblies (208ms)
		RebuildTransferFunctionScriptingTraits (0ms)
		AnalyzeDomain (112ms)
			TypeCache.Refresh (97ms)
				TypeCache.ScanAssembly (89ms)
			ScanForSourceGeneratedMonoScriptInfo (10ms)
			ResolveRequiredComponents (3ms)
	FinalizeReload (487ms)
		ReleaseScriptCaches (0ms)
		RebuildScriptCaches (0ms)
		SetupLoadedEditorAssemblies (406ms)
			LogAssemblyErrors (0ms)
			InitializePlatformSupportModulesInManaged (4ms)
			SetLoadedEditorAssemblies (2ms)
			RefreshPlugins (0ms)
			BeforeProcessingInitializeOnLoad (44ms)
			ProcessInitializeOnLoadAttributes (332ms)
			ProcessInitializeOnLoadMethodAttributes (18ms)
			AfterProcessingInitializeOnLoad (4ms)
			EditorAssembliesLoaded (0ms)
		ExecutionOrderSort2 (0ms)
		AwakeInstancesAfterBackupRestoration (5ms)
Launched and connected shader compiler UnityShaderCompiler.exe after 0.03 seconds
Refreshing native plugins compatible for Editor in 2.29 ms, found 3 plugins.
Preloading 0 native plugins for Editor in 0.00 ms.
Unloading 3748 Unused Serialized files (Serialized files now loaded: 0)
Unloading 25 unused Assets / (54.6 KB). Loaded Objects now: 4221.
Memory consumption went from 134.1 MB to 134.0 MB.
Total: 3.226900 ms (FindLiveObjects: 0.173900 ms CreateObjectMapping: 0.075300 ms MarkObjects: 2.918900 ms  DeleteObjects: 0.058300 ms)

AssetImportParameters requested are different than current active one (requested -> active):
  custom:container-demuxer-ogg: 62fdf1f143b41e24485cea50d1cbac27 -> 
  custom:video-codec-MediaFoundation-h265: 746d11721c4dcdbdad8f713fa42b33f4 -> 
  custom:video-decoder-ogg-theora: a1e56fd34408186e4bbccfd4996cb3dc -> 
  custom:framework-win-MediaFoundation: 216162199b28c13a410421893ffa2e32 -> 
  custom:CustomObjectIndexerAttribute: 9a22284fe3817be447336de3de66b15e -> 
  custom:container-demuxer-webm: 4f35f7cbe854078d1ac9338744f61a02 -> 
  custom:container-muxer-webm: aa71ff27fc2769a1b78a27578f13a17b -> 
  custom:video-decoder-webm-vp8: 9c59270c3fd7afecdb556c50c9e8de78 -> 
  custom:SearchIndexIgnoredProperties: e643bd26f0fe6173181afceb89e7c659 -> 
  custom:AudioImporter_EditorPlatform: d09bf68614088b80899f8185d706f6e7 -> 
  custom:video-encoder-webm-vp8: eb34c28f22e8b96e1ab97ce403110664 -> 
  custom:audio-decoder-ogg-vorbis: bf7c407c2cedff20999df2af8eb42d56 -> 
  custom:audio-encoder-webm-vorbis: bf7c407c2cedff20999df2af8eb42d56 -> 
========================================================================
Received Import Request.
  Time since last request: 39939.858890 seconds.
  path: Assets/Sprites/BladeKeeper/Elementals_metal_bladekeeper_FREE_v1.1/PNG animations/07_1_atk/07_1_atk_1.png
  artifactKey: Guid(dcdaed057217bcd438da110b90dca68a) Importer(815301076,1909f56bfc062723c751e8b465ee728b)
Start importing Assets/Sprites/BladeKeeper/Elementals_metal_bladekeeper_FREE_v1.1/PNG animations/07_1_atk/07_1_atk_1.png using Guid(dcdaed057217bcd438da110b90dca68a) Importer(815301076,1909f56bfc062723c751e8b465ee728b) [PhysX] Initialized MultithreadedTaskDispatcher with 24 workers.
[PhysX] Initialized MultithreadedTaskDispatcher with 24 workers.
 -> (artifact id: '63e42d14175ddafe6f7f45bc35f704e4') in 0.034045 seconds
Number of updated asset objects reloaded before import = 0
Number of asset objects unloaded after import = 2
========================================================================
Received Import Request.
  Time since last request: 1.206071 seconds.
  path: Assets/Sprites/BladeKeeper/Elementals_metal_bladekeeper_FREE_v1.1/PNG animations/10_sp_atk/10_sp_atk_1.png
  artifactKey: Guid(39052003576beb648b9308f082e6d3ea) Importer(815301076,1909f56bfc062723c751e8b465ee728b)
Start importing Assets/Sprites/BladeKeeper/Elementals_metal_bladekeeper_FREE_v1.1/PNG animations/10_sp_atk/10_sp_atk_1.png using Guid(39052003576beb648b9308f082e6d3ea) Importer(815301076,1909f56bfc062723c751e8b465ee728b) [PhysX] Initialized MultithreadedTaskDispatcher with 24 workers.
[PhysX] Initialized MultithreadedTaskDispatcher with 24 workers.
 -> (artifact id: '3a1ef4d2d7c1c97a4f94e8a01dc2626e') in 0.004263 seconds
Number of updated asset objects reloaded before import = 0
Number of asset objects unloaded after import = 2
========================================================================
Received Import Request.
  Time since last request: 0.000015 seconds.
  path: Assets/Sprites/BladeKeeper/Elementals_metal_bladekeeper_FREE_v1.1/PNG animations/10_sp_atk/10_sp_atk_9.png
  artifactKey: Guid(f75d89ffa268b254a9694405fd9013c6) Importer(815301076,1909f56bfc062723c751e8b465ee728b)
Start importing Assets/Sprites/BladeKeeper/Elementals_metal_bladekeeper_FREE_v1.1/PNG animations/10_sp_atk/10_sp_atk_9.png using Guid(f75d89ffa268b254a9694405fd9013c6) Importer(815301076,1909f56bfc062723c751e8b465ee728b) [PhysX] Initialized MultithreadedTaskDispatcher with 24 workers.
[PhysX] Initialized MultithreadedTaskDispatcher with 24 workers.
 -> (artifact id: 'b88251aa5f65c8cf8ad133e023f005f2') in 0.005139 seconds
Number of updated asset objects reloaded before import = 0
Number of asset objects unloaded after import = 2
========================================================================
Received Import Request.
  Time since last request: 2.287491 seconds.
  path: Assets/Sprites/BladeKeeper/Elementals_metal_bladekeeper_FREE_v1.1/PNG animations/08_2_atk/08_2_atk_1.png
  artifactKey: Guid(43ea2382689303e4d9756ecba2f2c974) Importer(815301076,1909f56bfc062723c751e8b465ee728b)
Start importing Assets/Sprites/BladeKeeper/Elementals_metal_bladekeeper_FREE_v1.1/PNG animations/08_2_atk/08_2_atk_1.png using Guid(43ea2382689303e4d9756ecba2f2c974) Importer(815301076,1909f56bfc062723c751e8b465ee728b) [PhysX] Initialized MultithreadedTaskDispatcher with 24 workers.
[PhysX] Initialized MultithreadedTaskDispatcher with 24 workers.
 -> (artifact id: '07ee7ff57ae74abde316d0e9684925fc') in 0.006039 seconds
Number of updated asset objects reloaded before import = 0
Number of asset objects unloaded after import = 2
========================================================================
Received Import Request.
  Time since last request: 0.000167 seconds.
  path: Assets/Sprites/BladeKeeper/Elementals_metal_bladekeeper_FREE_v1.1/PNG animations/08_2_atk/08_2_atk_8.png
  artifactKey: Guid(d1cf275dd4a12ca47975106a56a8dde2) Importer(815301076,1909f56bfc062723c751e8b465ee728b)
Start importing Assets/Sprites/BladeKeeper/Elementals_metal_bladekeeper_FREE_v1.1/PNG animations/08_2_atk/08_2_atk_8.png using Guid(d1cf275dd4a12ca47975106a56a8dde2) Importer(815301076,1909f56bfc062723c751e8b465ee728b) [PhysX] Initialized MultithreadedTaskDispatcher with 24 workers.
[PhysX] Initialized MultithreadedTaskDispatcher with 24 workers.
 -> (artifact id: '062ec2b8885006d4811b9c43b668b1b1') in 0.025878 seconds
Number of updated asset objects reloaded before import = 0
Number of asset objects unloaded after import = 2
========================================================================
Received Import Request.
  Time since last request: 3.583427 seconds.
  path: Assets/Sprites/BladeKeeper/Elementals_metal_bladekeeper_FREE_v1.1/PNG animations/09_3_atk/09_3_atk_1.png
  artifactKey: Guid(4a98a461e8b682840973e04189cc20bc) Importer(815301076,1909f56bfc062723c751e8b465ee728b)
Start importing Assets/Sprites/BladeKeeper/Elementals_metal_bladekeeper_FREE_v1.1/PNG animations/09_3_atk/09_3_atk_1.png using Guid(4a98a461e8b682840973e04189cc20bc) Importer(815301076,1909f56bfc062723c751e8b465ee728b) [PhysX] Initialized MultithreadedTaskDispatcher with 24 workers.
[PhysX] Initialized MultithreadedTaskDispatcher with 24 workers.
 -> (artifact id: '0d2ba245919ac07f03ec827cbcd475a2') in 0.044652 seconds
Number of updated asset objects reloaded before import = 0
Number of asset objects unloaded after import = 2
========================================================================
Received Import Request.
  Time since last request: 0.000160 seconds.
  path: Assets/Sprites/BladeKeeper/Elementals_metal_bladekeeper_FREE_v1.1/PNG animations/09_3_atk/09_3_atk_8.png
  artifactKey: Guid(955e89b792964f1468a4cbaac8e20d4c) Importer(815301076,1909f56bfc062723c751e8b465ee728b)
Start importing Assets/Sprites/BladeKeeper/Elementals_metal_bladekeeper_FREE_v1.1/PNG animations/09_3_atk/09_3_atk_8.png using Guid(955e89b792964f1468a4cbaac8e20d4c) Importer(815301076,1909f56bfc062723c751e8b465ee728b) [PhysX] Initialized MultithreadedTaskDispatcher with 24 workers.
[PhysX] Initialized MultithreadedTaskDispatcher with 24 workers.
 -> (artifact id: '512db57139b815bf4acddc34e1e09e98') in 0.043339 seconds
Number of updated asset objects reloaded before import = 0
Number of asset objects unloaded after import = 2
========================================================================
Received Import Request.
  Time since last request: 6.853809 seconds.
  path: Assets/Sprites/Fire_Warrior/Fire_Warrior/Fire_Warrior(FireSword)/Fire_WarriorFireSword-Sheet.png
  artifactKey: Guid(c1464ec7365f72e41b2483cd9c986ce3) Importer(815301076,1909f56bfc062723c751e8b465ee728b)
Start importing Assets/Sprites/Fire_Warrior/Fire_Warrior/Fire_Warrior(FireSword)/Fire_WarriorFireSword-Sheet.png using Guid(c1464ec7365f72e41b2483cd9c986ce3) Importer(815301076,1909f56bfc062723c751e8b465ee728b) [PhysX] Initialized MultithreadedTaskDispatcher with 24 workers.
[PhysX] Initialized MultithreadedTaskDispatcher with 24 workers.
 -> (artifact id: 'ef9021022f4d992a1eaba2ae14acce2f') in 0.013739 seconds
Number of updated asset objects reloaded before import = 0
Number of asset objects unloaded after import = 2
========================================================================
Received Import Request.
  Time since last request: 1.232655 seconds.
  path: Assets/Sprites/Fire_Warrior/Fire_Warrior/Fire_Warrior/Fire_Warrior-Sheet.png
  artifactKey: Guid(fc223d245e4c49f4eb54da14b86bf162) Importer(815301076,1909f56bfc062723c751e8b465ee728b)
Start importing Assets/Sprites/Fire_Warrior/Fire_Warrior/Fire_Warrior/Fire_Warrior-Sheet.png using Guid(fc223d245e4c49f4eb54da14b86bf162) Importer(815301076,1909f56bfc062723c751e8b465ee728b) [PhysX] Initialized MultithreadedTaskDispatcher with 24 workers.
[PhysX] Initialized MultithreadedTaskDispatcher with 24 workers.
 -> (artifact id: 'b3bc27db9b7707a9069980075fc4dedf') in 0.008857 seconds
Number of updated asset objects reloaded before import = 0
Number of asset objects unloaded after import = 2
========================================================================
Received Import Request.
  Time since last request: 36.179030 seconds.
  path: Assets/Sprites/Water_Priest/Elementals_water_priestess_FREE_v1.1/png/07_1_atk/1_atk_1.png
  artifactKey: Guid(e03e512c88bbf2e46b57df70d1a391ce) Importer(815301076,1909f56bfc062723c751e8b465ee728b)
Start importing Assets/Sprites/Water_Priest/Elementals_water_priestess_FREE_v1.1/png/07_1_atk/1_atk_1.png using Guid(e03e512c88bbf2e46b57df70d1a391ce) Importer(815301076,1909f56bfc062723c751e8b465ee728b) [PhysX] Initialized MultithreadedTaskDispatcher with 24 workers.
[PhysX] Initialized MultithreadedTaskDispatcher with 24 workers.
 -> (artifact id: '6fced5b8ede38dcc6fad466659f4968e') in 0.009496 seconds
Number of updated asset objects reloaded before import = 0
Number of asset objects unloaded after import = 2
========================================================================
Received Import Request.
  Time since last request: 0.000259 seconds.
  path: Assets/Sprites/Water_Priest/Elementals_water_priestess_FREE_v1.1/png/07_1_atk/1_atk_7.png
  artifactKey: Guid(f914c26abb4f2344f8eaf6c6eb83d85a) Importer(815301076,1909f56bfc062723c751e8b465ee728b)
Start importing Assets/Sprites/Water_Priest/Elementals_water_priestess_FREE_v1.1/png/07_1_atk/1_atk_7.png using Guid(f914c26abb4f2344f8eaf6c6eb83d85a) Importer(815301076,1909f56bfc062723c751e8b465ee728b) [PhysX] Initialized MultithreadedTaskDispatcher with 24 workers.
[PhysX] Initialized MultithreadedTaskDispatcher with 24 workers.
 -> (artifact id: 'c7bacd6993075eb8d7f021e01f65273f') in 0.056857 seconds
Number of updated asset objects reloaded before import = 0
Number of asset objects unloaded after import = 2
========================================================================
Received Import Request.
  Time since last request: 0.695184 seconds.
  path: Assets/Sprites/Water_Priest/Elementals_water_priestess_FREE_v1.1/png/10_sp_atk/sp_atk_1.png
  artifactKey: Guid(9fad2d7aa20256d47a3121ad6b5bbc3a) Importer(815301076,1909f56bfc062723c751e8b465ee728b)
Start importing Assets/Sprites/Water_Priest/Elementals_water_priestess_FREE_v1.1/png/10_sp_atk/sp_atk_1.png using Guid(9fad2d7aa20256d47a3121ad6b5bbc3a) Importer(815301076,1909f56bfc062723c751e8b465ee728b) [PhysX] Initialized MultithreadedTaskDispatcher with 24 workers.
[PhysX] Initialized MultithreadedTaskDispatcher with 24 workers.
 -> (artifact id: 'c901631f1034d3f6702435135fedbe58') in 0.003849 seconds
Number of updated asset objects reloaded before import = 0
Number of asset objects unloaded after import = 2
========================================================================
Received Import Request.
  Time since last request: 0.000123 seconds.
  path: Assets/Sprites/Water_Priest/Elementals_water_priestess_FREE_v1.1/png/10_sp_atk/sp_atk_8.png
  artifactKey: Guid(a6aa06395ae378940a9179cabe0986fc) Importer(815301076,1909f56bfc062723c751e8b465ee728b)
Start importing Assets/Sprites/Water_Priest/Elementals_water_priestess_FREE_v1.1/png/10_sp_atk/sp_atk_8.png using Guid(a6aa06395ae378940a9179cabe0986fc) Importer(815301076,1909f56bfc062723c751e8b465ee728b) [PhysX] Initialized MultithreadedTaskDispatcher with 24 workers.
[PhysX] Initialized MultithreadedTaskDispatcher with 24 workers.
 -> (artifact id: '7949630f5dc3c511ef92b0d9f5a7b7bc') in 0.005565 seconds
Number of updated asset objects reloaded before import = 0
Number of asset objects unloaded after import = 2
========================================================================
Received Import Request.
  Time since last request: 2.623024 seconds.
  path: Assets/Sprites/Water_Priest/Elementals_water_priestess_FREE_v1.1/png/09_3_atk/3_atk_1.png
  artifactKey: Guid(76e326fe36281c94f8bd3d5d3baf2fe4) Importer(815301076,1909f56bfc062723c751e8b465ee728b)
Start importing Assets/Sprites/Water_Priest/Elementals_water_priestess_FREE_v1.1/png/09_3_atk/3_atk_1.png using Guid(76e326fe36281c94f8bd3d5d3baf2fe4) Importer(815301076,1909f56bfc062723c751e8b465ee728b) [PhysX] Initialized MultithreadedTaskDispatcher with 24 workers.
[PhysX] Initialized MultithreadedTaskDispatcher with 24 workers.
 -> (artifact id: '204b932f369aba15a5f51ca762a55aff') in 0.003476 seconds
Number of updated asset objects reloaded before import = 0
Number of asset objects unloaded after import = 2
========================================================================
Received Import Request.
  Time since last request: 0.000011 seconds.
  path: Assets/Sprites/Water_Priest/Elementals_water_priestess_FREE_v1.1/png/09_3_atk/3_atk_11.png
  artifactKey: Guid(1d3972c2faf997a4481e7292daecb56e) Importer(815301076,1909f56bfc062723c751e8b465ee728b)
Start importing Assets/Sprites/Water_Priest/Elementals_water_priestess_FREE_v1.1/png/09_3_atk/3_atk_11.png using Guid(1d3972c2faf997a4481e7292daecb56e) Importer(815301076,1909f56bfc062723c751e8b465ee728b) [PhysX] Initialized MultithreadedTaskDispatcher with 24 workers.
[PhysX] Initialized MultithreadedTaskDispatcher with 24 workers.
 -> (artifact id: 'cb19ec87657fd5e4264e375098424b1e') in 0.006074 seconds
Number of updated asset objects reloaded before import = 0
Number of asset objects unloaded after import = 2
========================================================================
Received Import Request.
  Time since last request: 0.708252 seconds.
  path: Assets/Sprites/Water_Priest/Elementals_water_priestess_FREE_v1.1/png/08_2_atk/2_atk_1.png
  artifactKey: Guid(5a19040c5deb8c249ae1e58f59e93df5) Importer(815301076,1909f56bfc062723c751e8b465ee728b)
Start importing Assets/Sprites/Water_Priest/Elementals_water_priestess_FREE_v1.1/png/08_2_atk/2_atk_1.png using Guid(5a19040c5deb8c249ae1e58f59e93df5) Importer(815301076,1909f56bfc062723c751e8b465ee728b) [PhysX] Initialized MultithreadedTaskDispatcher with 24 workers.
[PhysX] Initialized MultithreadedTaskDispatcher with 24 workers.
 -> (artifact id: 'd8ed2d36aa07a21c7c976f08475f9ffd') in 0.008054 seconds
Number of updated asset objects reloaded before import = 0
Number of asset objects unloaded after import = 2
========================================================================
Received Import Request.
  Time since last request: 0.000126 seconds.
  path: Assets/Sprites/Water_Priest/Elementals_water_priestess_FREE_v1.1/png/08_2_atk/2_atk_10.png
  artifactKey: Guid(4b76feab32f9f5e48bd81ece564d2ba8) Importer(815301076,1909f56bfc062723c751e8b465ee728b)
Start importing Assets/Sprites/Water_Priest/Elementals_water_priestess_FREE_v1.1/png/08_2_atk/2_atk_10.png using Guid(4b76feab32f9f5e48bd81ece564d2ba8) Importer(815301076,1909f56bfc062723c751e8b465ee728b) [PhysX] Initialized MultithreadedTaskDispatcher with 24 workers.
[PhysX] Initialized MultithreadedTaskDispatcher with 24 workers.
 -> (artifact id: '771c3a26e00f6309c84038a81da9f2a4') in 0.026261 seconds
Number of updated asset objects reloaded before import = 0
Number of asset objects unloaded after import = 2
========================================================================
Received Import Request.
  Time since last request: 4.387336 seconds.
  path: Assets/Sprites/Water_Priest/Elementals_water_priestess_FREE_v1.1/png/08_2_atk/2_atk_13.png
  artifactKey: Guid(168110e5cbe2d714786a99d7926fced9) Importer(815301076,1909f56bfc062723c751e8b465ee728b)
Start importing Assets/Sprites/Water_Priest/Elementals_water_priestess_FREE_v1.1/png/08_2_atk/2_atk_13.png using Guid(168110e5cbe2d714786a99d7926fced9) Importer(815301076,1909f56bfc062723c751e8b465ee728b) [PhysX] Initialized MultithreadedTaskDispatcher with 24 workers.
[PhysX] Initialized MultithreadedTaskDispatcher with 24 workers.
 -> (artifact id: 'd67380f7f23c5992d227e5a59b528919') in 0.004762 seconds
Number of updated asset objects reloaded before import = 0
Number of asset objects unloaded after import = 2
========================================================================
Received Import Request.
  Time since last request: 0.104766 seconds.
  path: Assets/Sprites/Water_Priest/Elementals_water_priestess_FREE_v1.1/png/08_2_atk/2_atk_14.png
  artifactKey: Guid(15f94eb222f5e9f41964dfafbbcddb88) Importer(815301076,1909f56bfc062723c751e8b465ee728b)
Start importing Assets/Sprites/Water_Priest/Elementals_water_priestess_FREE_v1.1/png/08_2_atk/2_atk_14.png using Guid(15f94eb222f5e9f41964dfafbbcddb88) Importer(815301076,1909f56bfc062723c751e8b465ee728b) [PhysX] Initialized MultithreadedTaskDispatcher with 24 workers.
[PhysX] Initialized MultithreadedTaskDispatcher with 24 workers.
 -> (artifact id: '3a3649549e59becb2d08b45a71636088') in 0.004134 seconds
Number of updated asset objects reloaded before import = 0
Number of asset objects unloaded after import = 2
========================================================================
Received Import Request.
  Time since last request: 0.047537 seconds.
  path: Assets/Sprites/Water_Priest/Elementals_water_priestess_FREE_v1.1/png/08_2_atk/2_atk_15.png
  artifactKey: Guid(ca61cda9d09037d4ebc9d1d9bb9b814d) Importer(815301076,1909f56bfc062723c751e8b465ee728b)
Start importing Assets/Sprites/Water_Priest/Elementals_water_priestess_FREE_v1.1/png/08_2_atk/2_atk_15.png using Guid(ca61cda9d09037d4ebc9d1d9bb9b814d) Importer(815301076,1909f56bfc062723c751e8b465ee728b) [PhysX] Initialized MultithreadedTaskDispatcher with 24 workers.
[PhysX] Initialized MultithreadedTaskDispatcher with 24 workers.
 -> (artifact id: '521e8e45f6700301021821d003d73dfe') in 0.004824 seconds
Number of updated asset objects reloaded before import = 0
Number of asset objects unloaded after import = 2
========================================================================
Received Import Request.
  Time since last request: 0.022522 seconds.
  path: Assets/Sprites/Water_Priest/Elementals_water_priestess_FREE_v1.1/png/08_2_atk/2_atk_16.png
  artifactKey: Guid(ea4c24b6d72498643b7e6253fe5935fa) Importer(815301076,1909f56bfc062723c751e8b465ee728b)
Start importing Assets/Sprites/Water_Priest/Elementals_water_priestess_FREE_v1.1/png/08_2_atk/2_atk_16.png using Guid(ea4c24b6d72498643b7e6253fe5935fa) Importer(815301076,1909f56bfc062723c751e8b465ee728b) [PhysX] Initialized MultithreadedTaskDispatcher with 24 workers.
[PhysX] Initialized MultithreadedTaskDispatcher with 24 workers.
 -> (artifact id: 'e9ed77a3ab75db89e3d0d1658293b24b') in 0.004272 seconds
Number of updated asset objects reloaded before import = 0
Number of asset objects unloaded after import = 2
========================================================================
Received Import Request.
  Time since last request: 0.023518 seconds.
  path: Assets/Sprites/Water_Priest/Elementals_water_priestess_FREE_v1.1/png/08_2_atk/2_atk_17.png
  artifactKey: Guid(1e36678285a5c494eba0f1a533ba64b2) Importer(815301076,1909f56bfc062723c751e8b465ee728b)
Start importing Assets/Sprites/Water_Priest/Elementals_water_priestess_FREE_v1.1/png/08_2_atk/2_atk_17.png using Guid(1e36678285a5c494eba0f1a533ba64b2) Importer(815301076,1909f56bfc062723c751e8b465ee728b) [PhysX] Initialized MultithreadedTaskDispatcher with 24 workers.
[PhysX] Initialized MultithreadedTaskDispatcher with 24 workers.
 -> (artifact id: 'dfeb22124c7620da1ba15e3a3461a682') in 0.004972 seconds
Number of updated asset objects reloaded before import = 0
Number of asset objects unloaded after import = 2
========================================================================
Received Import Request.
  Time since last request: 0.017492 seconds.
  path: Assets/Sprites/Water_Priest/Elementals_water_priestess_FREE_v1.1/png/08_2_atk/2_atk_18.png
  artifactKey: Guid(be1667ba4a7f8db4a96ec123e73c6329) Importer(815301076,1909f56bfc062723c751e8b465ee728b)
Start importing Assets/Sprites/Water_Priest/Elementals_water_priestess_FREE_v1.1/png/08_2_atk/2_atk_18.png using Guid(be1667ba4a7f8db4a96ec123e73c6329) Importer(815301076,1909f56bfc062723c751e8b465ee728b) [PhysX] Initialized MultithreadedTaskDispatcher with 24 workers.
[PhysX] Initialized MultithreadedTaskDispatcher with 24 workers.
 -> (artifact id: 'ba06a483d42f29b5f939d85a51cb9426') in 0.004381 seconds
Number of updated asset objects reloaded before import = 0
Number of asset objects unloaded after import = 2
========================================================================
Received Import Request.
  Time since last request: 0.019189 seconds.
  path: Assets/Sprites/Water_Priest/Elementals_water_priestess_FREE_v1.1/png/08_2_atk/2_atk_19.png
  artifactKey: Guid(faa79fb35922d704dbdd690ed8f6c1d4) Importer(815301076,1909f56bfc062723c751e8b465ee728b)
Start importing Assets/Sprites/Water_Priest/Elementals_water_priestess_FREE_v1.1/png/08_2_atk/2_atk_19.png using Guid(faa79fb35922d704dbdd690ed8f6c1d4) Importer(815301076,1909f56bfc062723c751e8b465ee728b) [PhysX] Initialized MultithreadedTaskDispatcher with 24 workers.
[PhysX] Initialized MultithreadedTaskDispatcher with 24 workers.
 -> (artifact id: '6da7644f2b3b6919d93b2ee3c4e6a256') in 0.004631 seconds
Number of updated asset objects reloaded before import = 0
Number of asset objects unloaded after import = 2
========================================================================
Received Import Request.
  Time since last request: 0.018743 seconds.
  path: Assets/Sprites/Water_Priest/Elementals_water_priestess_FREE_v1.1/png/08_2_atk/2_atk_20.png
  artifactKey: Guid(2bf57742a8538b843af920ea654751e8) Importer(815301076,1909f56bfc062723c751e8b465ee728b)
Start importing Assets/Sprites/Water_Priest/Elementals_water_priestess_FREE_v1.1/png/08_2_atk/2_atk_20.png using Guid(2bf57742a8538b843af920ea654751e8) Importer(815301076,1909f56bfc062723c751e8b465ee728b) [PhysX] Initialized MultithreadedTaskDispatcher with 24 workers.
[PhysX] Initialized MultithreadedTaskDispatcher with 24 workers.
 -> (artifact id: 'afde7722a0616344a0275e1dd8c6aff8') in 0.003861 seconds
Number of updated asset objects reloaded before import = 0
Number of asset objects unloaded after import = 2
========================================================================
Received Import Request.
  Time since last request: 0.033795 seconds.
  path: Assets/Sprites/Water_Priest/Elementals_water_priestess_FREE_v1.1/png/08_2_atk/2_atk_21.png
  artifactKey: Guid(f90dca9f752f99b45959c50c219dfb22) Importer(815301076,1909f56bfc062723c751e8b465ee728b)
Start importing Assets/Sprites/Water_Priest/Elementals_water_priestess_FREE_v1.1/png/08_2_atk/2_atk_21.png using Guid(f90dca9f752f99b45959c50c219dfb22) Importer(815301076,1909f56bfc062723c751e8b465ee728b) [PhysX] Initialized MultithreadedTaskDispatcher with 24 workers.
[PhysX] Initialized MultithreadedTaskDispatcher with 24 workers.
 -> (artifact id: 'bf22139b05aaf15e3ba2b357a8b803e6') in 0.004209 seconds
Number of updated asset objects reloaded before import = 0
Number of asset objects unloaded after import = 2
========================================================================
Received Import Request.
  Time since last request: 1.431743 seconds.
  path: Assets/Sprites/Water_Priest/Elementals_water_priestess_FREE_v1.1/png/09_3_atk/3_atk_13.png
  artifactKey: Guid(df37ba3208c6e3f41a1004875680a868) Importer(815301076,1909f56bfc062723c751e8b465ee728b)
Start importing Assets/Sprites/Water_Priest/Elementals_water_priestess_FREE_v1.1/png/09_3_atk/3_atk_13.png using Guid(df37ba3208c6e3f41a1004875680a868) Importer(815301076,1909f56bfc062723c751e8b465ee728b) [PhysX] Initialized MultithreadedTaskDispatcher with 24 workers.
[PhysX] Initialized MultithreadedTaskDispatcher with 24 workers.
 -> (artifact id: 'd04605c94f378f193016079aae46dd6e') in 0.004894 seconds
Number of updated asset objects reloaded before import = 0
Number of asset objects unloaded after import = 2
========================================================================
Received Import Request.
  Time since last request: 0.000131 seconds.
  path: Assets/Sprites/Water_Priest/Elementals_water_priestess_FREE_v1.1/png/09_3_atk/3_atk_23.png
  artifactKey: Guid(f1137956e59cc2742be09672d544adef) Importer(815301076,1909f56bfc062723c751e8b465ee728b)
Start importing Assets/Sprites/Water_Priest/Elementals_water_priestess_FREE_v1.1/png/09_3_atk/3_atk_23.png using Guid(f1137956e59cc2742be09672d544adef) Importer(815301076,1909f56bfc062723c751e8b465ee728b) [PhysX] Initialized MultithreadedTaskDispatcher with 24 workers.
[PhysX] Initialized MultithreadedTaskDispatcher with 24 workers.
 -> (artifact id: '6e55d748b2c83c5f8e31b97119a810b0') in 0.004359 seconds
Number of updated asset objects reloaded before import = 0
Number of asset objects unloaded after import = 2
========================================================================
Received Import Request.
  Time since last request: 0.472370 seconds.
  path: Assets/Sprites/Water_Priest/Elementals_water_priestess_FREE_v1.1/png/09_3_atk/3_atk_24.png
  artifactKey: Guid(41dd8dcfcd27f9a408b290cb0db957e2) Importer(815301076,1909f56bfc062723c751e8b465ee728b)
Start importing Assets/Sprites/Water_Priest/Elementals_water_priestess_FREE_v1.1/png/09_3_atk/3_atk_24.png using Guid(41dd8dcfcd27f9a408b290cb0db957e2) Importer(815301076,1909f56bfc062723c751e8b465ee728b) [PhysX] Initialized MultithreadedTaskDispatcher with 24 workers.
[PhysX] Initialized MultithreadedTaskDispatcher with 24 workers.
 -> (artifact id: '4ac7aeb18ce7c0e4fbfb1cb8d169eda9') in 0.005099 seconds
Number of updated asset objects reloaded before import = 0
Number of asset objects unloaded after import = 2
========================================================================
Received Import Request.
  Time since last request: 0.019909 seconds.
  path: Assets/Sprites/Water_Priest/Elementals_water_priestess_FREE_v1.1/png/09_3_atk/3_atk_25.png
  artifactKey: Guid(3f98040c61392074390df9793f35761f) Importer(815301076,1909f56bfc062723c751e8b465ee728b)
Start importing Assets/Sprites/Water_Priest/Elementals_water_priestess_FREE_v1.1/png/09_3_atk/3_atk_25.png using Guid(3f98040c61392074390df9793f35761f) Importer(815301076,1909f56bfc062723c751e8b465ee728b) [PhysX] Initialized MultithreadedTaskDispatcher with 24 workers.
[PhysX] Initialized MultithreadedTaskDispatcher with 24 workers.
 -> (artifact id: '989a003da4140fb8e38532a7b8d876dc') in 0.004883 seconds
Number of updated asset objects reloaded before import = 0
Number of asset objects unloaded after import = 2
========================================================================
Received Import Request.
  Time since last request: 0.025524 seconds.
  path: Assets/Sprites/Water_Priest/Elementals_water_priestess_FREE_v1.1/png/09_3_atk/3_atk_26.png
  artifactKey: Guid(a5f81b3ce716ff242933273775a5be55) Importer(815301076,1909f56bfc062723c751e8b465ee728b)
Start importing Assets/Sprites/Water_Priest/Elementals_water_priestess_FREE_v1.1/png/09_3_atk/3_atk_26.png using Guid(a5f81b3ce716ff242933273775a5be55) Importer(815301076,1909f56bfc062723c751e8b465ee728b) [PhysX] Initialized MultithreadedTaskDispatcher with 24 workers.
[PhysX] Initialized MultithreadedTaskDispatcher with 24 workers.
 -> (artifact id: '8c333f7644942940947e2c7b8a16529c') in 0.004033 seconds
Number of updated asset objects reloaded before import = 0
Number of asset objects unloaded after import = 2
========================================================================
Received Import Request.
  Time since last request: 0.304954 seconds.
  path: Assets/Sprites/Water_Priest/Elementals_water_priestess_FREE_v1.1/png/09_3_atk/3_atk_27.png
  artifactKey: Guid(a1f220bb1fe0f2f40abbda741d43fea5) Importer(815301076,1909f56bfc062723c751e8b465ee728b)
Start importing Assets/Sprites/Water_Priest/Elementals_water_priestess_FREE_v1.1/png/09_3_atk/3_atk_27.png using Guid(a1f220bb1fe0f2f40abbda741d43fea5) Importer(815301076,1909f56bfc062723c751e8b465ee728b) [PhysX] Initialized MultithreadedTaskDispatcher with 24 workers.
[PhysX] Initialized MultithreadedTaskDispatcher with 24 workers.
 -> (artifact id: '19dce45064c5fb7d11adc3908e40907e') in 0.005371 seconds
Number of updated asset objects reloaded before import = 0
Number of asset objects unloaded after import = 2
========================================================================
Received Import Request.
  Time since last request: 4.108759 seconds.
  path: Assets/Sprites/Water_Priest/Elementals_water_priestess_FREE_v1.1/png/11_heal/heal_3.png
  artifactKey: Guid(72d7e08ef36c37b40a2e97d07475e858) Importer(815301076,1909f56bfc062723c751e8b465ee728b)
Start importing Assets/Sprites/Water_Priest/Elementals_water_priestess_FREE_v1.1/png/11_heal/heal_3.png using Guid(72d7e08ef36c37b40a2e97d07475e858) Importer(815301076,1909f56bfc062723c751e8b465ee728b) [PhysX] Initialized MultithreadedTaskDispatcher with 24 workers.
[PhysX] Initialized MultithreadedTaskDispatcher with 24 workers.
 -> (artifact id: '23fa89ae791073092e8f5bffbdb1220c') in 0.007687 seconds
Number of updated asset objects reloaded before import = 0
Number of asset objects unloaded after import = 2
========================================================================
Received Import Request.
  Time since last request: 0.000190 seconds.
  path: Assets/Sprites/Water_Priest/Elementals_water_priestess_FREE_v1.1/png/11_heal/heal_12.png
  artifactKey: Guid(270ec09eef70ff14d96c3d05a70dbbab) Importer(815301076,1909f56bfc062723c751e8b465ee728b)
Start importing Assets/Sprites/Water_Priest/Elementals_water_priestess_FREE_v1.1/png/11_heal/heal_12.png using Guid(270ec09eef70ff14d96c3d05a70dbbab) Importer(815301076,1909f56bfc062723c751e8b465ee728b) [PhysX] Initialized MultithreadedTaskDispatcher with 24 workers.
[PhysX] Initialized MultithreadedTaskDispatcher with 24 workers.
 -> (artifact id: '18d726affb66a2de9fe925f189749eb4') in 0.027070 seconds
Number of updated asset objects reloaded before import = 0
Number of asset objects unloaded after import = 2
========================================================================
Received Import Request.
  Time since last request: 0.000053 seconds.
  path: Assets/Sprites/Water_Priest/Elementals_water_priestess_FREE_v1.1/png/11_heal/heal_11.png
  artifactKey: Guid(68844176be3a4404899bb7cb417407ee) Importer(815301076,1909f56bfc062723c751e8b465ee728b)
Start importing Assets/Sprites/Water_Priest/Elementals_water_priestess_FREE_v1.1/png/11_heal/heal_11.png using Guid(68844176be3a4404899bb7cb417407ee) Importer(815301076,1909f56bfc062723c751e8b465ee728b) [PhysX] Initialized MultithreadedTaskDispatcher with 24 workers.
[PhysX] Initialized MultithreadedTaskDispatcher with 24 workers.
 -> (artifact id: '385ab2b271bb12ab4f331d533d1de282') in 0.047351 seconds
Number of updated asset objects reloaded before import = 0
Number of asset objects unloaded after import = 2
========================================================================
Received Import Request.
  Time since last request: 0.776351 seconds.
  path: Assets/Sprites/Water_Priest/Elementals_water_priestess_FREE_v1.1/png/12_defend/defend_3.png
  artifactKey: Guid(283711e486a3e9f42b3d8018a94cc8f2) Importer(815301076,1909f56bfc062723c751e8b465ee728b)
Start importing Assets/Sprites/Water_Priest/Elementals_water_priestess_FREE_v1.1/png/12_defend/defend_3.png using Guid(283711e486a3e9f42b3d8018a94cc8f2) Importer(815301076,1909f56bfc062723c751e8b465ee728b) [PhysX] Initialized MultithreadedTaskDispatcher with 24 workers.
[PhysX] Initialized MultithreadedTaskDispatcher with 24 workers.
 -> (artifact id: '0ef36bfe61b5e244004af1747049bacd') in 0.006009 seconds
Number of updated asset objects reloaded before import = 0
Number of asset objects unloaded after import = 2
========================================================================
Received Import Request.
  Time since last request: 0.000157 seconds.
  path: Assets/Sprites/Water_Priest/Elementals_water_priestess_FREE_v1.1/png/12_defend/defend_9.png
  artifactKey: Guid(c78606a8c84ece0478295fb36f3db6eb) Importer(815301076,1909f56bfc062723c751e8b465ee728b)
Start importing Assets/Sprites/Water_Priest/Elementals_water_priestess_FREE_v1.1/png/12_defend/defend_9.png using Guid(c78606a8c84ece0478295fb36f3db6eb) Importer(815301076,1909f56bfc062723c751e8b465ee728b) [PhysX] Initialized MultithreadedTaskDispatcher with 24 workers.
[PhysX] Initialized MultithreadedTaskDispatcher with 24 workers.
 -> (artifact id: 'fbd3d8700785cae31540cf54ca507ee5') in 0.004472 seconds
Number of updated asset objects reloaded before import = 0
Number of asset objects unloaded after import = 2
========================================================================
Received Import Request.
  Time since last request: 2.137017 seconds.
  path: Assets/Sprites/Water_Priest/Elementals_water_priestess_FREE_v1.1/png/03_surf/surf_1.png
  artifactKey: Guid(a51f76c5257222f44a05a6f7ff11fb9a) Importer(815301076,1909f56bfc062723c751e8b465ee728b)
Start importing Assets/Sprites/Water_Priest/Elementals_water_priestess_FREE_v1.1/png/03_surf/surf_1.png using Guid(a51f76c5257222f44a05a6f7ff11fb9a) Importer(815301076,1909f56bfc062723c751e8b465ee728b) [PhysX] Initialized MultithreadedTaskDispatcher with 24 workers.
[PhysX] Initialized MultithreadedTaskDispatcher with 24 workers.
 -> (artifact id: 'de553a944fc7ae709881bd76866adc63') in 0.007623 seconds
Number of updated asset objects reloaded before import = 0
Number of asset objects unloaded after import = 2
========================================================================
Received Import Request.
  Time since last request: 0.000066 seconds.
  path: Assets/Sprites/Water_Priest/Elementals_water_priestess_FREE_v1.1/png/03_surf/surf_7.png
  artifactKey: Guid(5c0cbd465e763e140a124579b81d8a01) Importer(815301076,1909f56bfc062723c751e8b465ee728b)
Start importing Assets/Sprites/Water_Priest/Elementals_water_priestess_FREE_v1.1/png/03_surf/surf_7.png using Guid(5c0cbd465e763e140a124579b81d8a01) Importer(815301076,1909f56bfc062723c751e8b465ee728b) [PhysX] Initialized MultithreadedTaskDispatcher with 24 workers.
[PhysX] Initialized MultithreadedTaskDispatcher with 24 workers.
 -> (artifact id: 'd104138f5bba1830c44048b21fe11ccb') in 0.003786 seconds
Number of updated asset objects reloaded before import = 0
Number of asset objects unloaded after import = 2
========================================================================
Received Import Request.
  Time since last request: 8.034648 seconds.
  path: Assets/Sprites/Water_Priest/Elementals_water_priestess_FREE_v1.1/png/06_tumble/tumble_1.png
  artifactKey: Guid(26eeff6bf0935fc4a8a49e4736c39ff0) Importer(815301076,1909f56bfc062723c751e8b465ee728b)
Start importing Assets/Sprites/Water_Priest/Elementals_water_priestess_FREE_v1.1/png/06_tumble/tumble_1.png using Guid(26eeff6bf0935fc4a8a49e4736c39ff0) Importer(815301076,1909f56bfc062723c751e8b465ee728b) [PhysX] Initialized MultithreadedTaskDispatcher with 24 workers.
[PhysX] Initialized MultithreadedTaskDispatcher with 24 workers.
 -> (artifact id: 'b43a8593a3226ce91ffc61658878993f') in 0.025733 seconds
Number of updated asset objects reloaded before import = 0
Number of asset objects unloaded after import = 2
========================================================================
Received Import Request.
  Time since last request: 1.275240 seconds.
  path: Assets/Sprites/Water_Priest/Elementals_water_priestess_FREE_v1.1/png/05_j_down/j_down_1.png
  artifactKey: Guid(382256424e41469498f835be8c09bd46) Importer(815301076,1909f56bfc062723c751e8b465ee728b)
Start importing Assets/Sprites/Water_Priest/Elementals_water_priestess_FREE_v1.1/png/05_j_down/j_down_1.png using Guid(382256424e41469498f835be8c09bd46) Importer(815301076,1909f56bfc062723c751e8b465ee728b) [PhysX] Initialized MultithreadedTaskDispatcher with 24 workers.
[PhysX] Initialized MultithreadedTaskDispatcher with 24 workers.
 -> (artifact id: '1277ad2adc6178f4d367244412e54045') in 0.004860 seconds
Number of updated asset objects reloaded before import = 0
Number of asset objects unloaded after import = 2
========================================================================
Received Import Request.
  Time since last request: 2.217051 seconds.
  path: Assets/Sprites/Water_Priest/Elementals_water_priestess_FREE_v1.1/png/01_idle/idle_1.png
  artifactKey: Guid(7afa734e71a01254bbed9c95c4bbdfcb) Importer(815301076,1909f56bfc062723c751e8b465ee728b)
Start importing Assets/Sprites/Water_Priest/Elementals_water_priestess_FREE_v1.1/png/01_idle/idle_1.png using Guid(7afa734e71a01254bbed9c95c4bbdfcb) Importer(815301076,1909f56bfc062723c751e8b465ee728b) [PhysX] Initialized MultithreadedTaskDispatcher with 24 workers.
[PhysX] Initialized MultithreadedTaskDispatcher with 24 workers.
 -> (artifact id: '4e78f05988ca1a5258a199d69d3a4f95') in 0.004272 seconds
Number of updated asset objects reloaded before import = 0
Number of asset objects unloaded after import = 2
========================================================================
Received Import Request.
  Time since last request: 0.000113 seconds.
  path: Assets/Sprites/Water_Priest/Elementals_water_priestess_FREE_v1.1/png/01_idle/idle_8.png
  artifactKey: Guid(aa9b1e1dcf9306946b5dbea77aab2b7c) Importer(815301076,1909f56bfc062723c751e8b465ee728b)
Start importing Assets/Sprites/Water_Priest/Elementals_water_priestess_FREE_v1.1/png/01_idle/idle_8.png using Guid(aa9b1e1dcf9306946b5dbea77aab2b7c) Importer(815301076,1909f56bfc062723c751e8b465ee728b) [PhysX] Initialized MultithreadedTaskDispatcher with 24 workers.
[PhysX] Initialized MultithreadedTaskDispatcher with 24 workers.
 -> (artifact id: '152d5ea3830a5ae4fd4a4eea57d02c46') in 0.012088 seconds
Number of updated asset objects reloaded before import = 0
Number of asset objects unloaded after import = 2
========================================================================
Received Import Request.
  Time since last request: 1.043347 seconds.
  path: Assets/Sprites/Water_Priest/Elementals_water_priestess_FREE_v1.1/png/02_walk/walk_1.png
  artifactKey: Guid(1042a252ff57f174ea9891f50e37f8d5) Importer(815301076,1909f56bfc062723c751e8b465ee728b)
Start importing Assets/Sprites/Water_Priest/Elementals_water_priestess_FREE_v1.1/png/02_walk/walk_1.png using Guid(1042a252ff57f174ea9891f50e37f8d5) Importer(815301076,1909f56bfc062723c751e8b465ee728b) [PhysX] Initialized MultithreadedTaskDispatcher with 24 workers.
[PhysX] Initialized MultithreadedTaskDispatcher with 24 workers.
 -> (artifact id: '2588fcabbb7977995e66bd4015a13eb2') in 0.005450 seconds
Number of updated asset objects reloaded before import = 0
Number of asset objects unloaded after import = 2
========================================================================
Received Import Request.
  Time since last request: 0.000094 seconds.
  path: Assets/Sprites/Water_Priest/Elementals_water_priestess_FREE_v1.1/png/02_walk/walk_10.png
  artifactKey: Guid(8dd84cd756939cc479232f01ceb6fdc0) Importer(815301076,1909f56bfc062723c751e8b465ee728b)
Start importing Assets/Sprites/Water_Priest/Elementals_water_priestess_FREE_v1.1/png/02_walk/walk_10.png using Guid(8dd84cd756939cc479232f01ceb6fdc0) Importer(815301076,1909f56bfc062723c751e8b465ee728b) [PhysX] Initialized MultithreadedTaskDispatcher with 24 workers.
[PhysX] Initialized MultithreadedTaskDispatcher with 24 workers.
 -> (artifact id: '2e1d2e732ccd44e6c5aa110851ad1587') in 0.032445 seconds
Number of updated asset objects reloaded before import = 0
Number of asset objects unloaded after import = 2
========================================================================
Received Import Request.
  Time since last request: 4.352572 seconds.
  path: Assets/Sprites/Water_Priest/Elementals_water_priestess_FREE_v1.1/png/air_atk/air_atk_1.png
  artifactKey: Guid(a330be4c8e2c88e44b2f84338fb0ed5e) Importer(815301076,1909f56bfc062723c751e8b465ee728b)
Start importing Assets/Sprites/Water_Priest/Elementals_water_priestess_FREE_v1.1/png/air_atk/air_atk_1.png using Guid(a330be4c8e2c88e44b2f84338fb0ed5e) Importer(815301076,1909f56bfc062723c751e8b465ee728b) [PhysX] Initialized MultithreadedTaskDispatcher with 24 workers.
[PhysX] Initialized MultithreadedTaskDispatcher with 24 workers.
 -> (artifact id: 'bb924dc314c1479c00540fcd46770ee6') in 0.022346 seconds
Number of updated asset objects reloaded before import = 0
Number of asset objects unloaded after import = 2
========================================================================
Received Import Request.
  Time since last request: 0.000262 seconds.
  path: Assets/Sprites/Water_Priest/Elementals_water_priestess_FREE_v1.1/png/air_atk/air_atk_8.png
  artifactKey: Guid(3262a2d14bad212409ce7e7892db495f) Importer(815301076,1909f56bfc062723c751e8b465ee728b)
Start importing Assets/Sprites/Water_Priest/Elementals_water_priestess_FREE_v1.1/png/air_atk/air_atk_8.png using Guid(3262a2d14bad212409ce7e7892db495f) Importer(815301076,1909f56bfc062723c751e8b465ee728b) [PhysX] Initialized MultithreadedTaskDispatcher with 24 workers.
[PhysX] Initialized MultithreadedTaskDispatcher with 24 workers.
 -> (artifact id: '1fcb95bbc529ca5619e06f4df4799264') in 0.052212 seconds
Number of updated asset objects reloaded before import = 0
Number of asset objects unloaded after import = 2
========================================================================
Received Import Request.
  Time since last request: 12.547262 seconds.
  path: Assets/Sprites/Water_Priest/Elementals_water_priestess_FREE_v1.1/png/12_defend/defend_1.png
  artifactKey: Guid(412d91716e45dda4cbe014eefc143af3) Importer(815301076,1909f56bfc062723c751e8b465ee728b)
Start importing Assets/Sprites/Water_Priest/Elementals_water_priestess_FREE_v1.1/png/12_defend/defend_1.png using Guid(412d91716e45dda4cbe014eefc143af3) Importer(815301076,1909f56bfc062723c751e8b465ee728b) [PhysX] Initialized MultithreadedTaskDispatcher with 24 workers.
[PhysX] Initialized MultithreadedTaskDispatcher with 24 workers.
 -> (artifact id: 'ab8e48064f1ad23dbb9dbfb0671c47a2') in 0.021201 seconds
Number of updated asset objects reloaded before import = 0
Number of asset objects unloaded after import = 2
========================================================================
Received Import Request.
  Time since last request: 5.333123 seconds.
  path: Assets/Sprites/Water_Priest/Elementals_water_priestess_FREE_v1.1/png/10_sp_atk/sp_atk_18.png
  artifactKey: Guid(400b829ac18c9614fa92a6b5d02ca4a2) Importer(815301076,1909f56bfc062723c751e8b465ee728b)
Start importing Assets/Sprites/Water_Priest/Elementals_water_priestess_FREE_v1.1/png/10_sp_atk/sp_atk_18.png using Guid(400b829ac18c9614fa92a6b5d02ca4a2) Importer(815301076,1909f56bfc062723c751e8b465ee728b) [PhysX] Initialized MultithreadedTaskDispatcher with 24 workers.
[PhysX] Initialized MultithreadedTaskDispatcher with 24 workers.
 -> (artifact id: 'c40a45e840371d31bed43f1e1c451850') in 0.036835 seconds
Number of updated asset objects reloaded before import = 0
Number of asset objects unloaded after import = 2
========================================================================
Received Import Request.
  Time since last request: 0.000114 seconds.
  path: Assets/Sprites/Water_Priest/Elementals_water_priestess_FREE_v1.1/png/10_sp_atk/sp_atk_25.png
  artifactKey: Guid(c667997d766398342a04d010d36f9ae9) Importer(815301076,1909f56bfc062723c751e8b465ee728b)
Start importing Assets/Sprites/Water_Priest/Elementals_water_priestess_FREE_v1.1/png/10_sp_atk/sp_atk_25.png using Guid(c667997d766398342a04d010d36f9ae9) Importer(815301076,1909f56bfc062723c751e8b465ee728b) [PhysX] Initialized MultithreadedTaskDispatcher with 24 workers.
[PhysX] Initialized MultithreadedTaskDispatcher with 24 workers.
 -> (artifact id: '6c7e5044ebf83bf174c824951d32e44d') in 0.035787 seconds
Number of updated asset objects reloaded before import = 0
Number of asset objects unloaded after import = 2
========================================================================
Received Import Request.
  Time since last request: 0.348579 seconds.
  path: Assets/Sprites/Water_Priest/Elementals_water_priestess_FREE_v1.1/png/10_sp_atk/sp_atk_30.png
  artifactKey: Guid(624ee8ece1a3aab48945badd867600ad) Importer(815301076,1909f56bfc062723c751e8b465ee728b)
Start importing Assets/Sprites/Water_Priest/Elementals_water_priestess_FREE_v1.1/png/10_sp_atk/sp_atk_30.png using Guid(624ee8ece1a3aab48945badd867600ad) Importer(815301076,1909f56bfc062723c751e8b465ee728b) [PhysX] Initialized MultithreadedTaskDispatcher with 24 workers.
[PhysX] Initialized MultithreadedTaskDispatcher with 24 workers.
 -> (artifact id: '1f4b9fcc213bb74b762402222d74ec0b') in 0.007015 seconds
Number of updated asset objects reloaded before import = 0
Number of asset objects unloaded after import = 2
========================================================================
Received Import Request.
  Time since last request: 0.023149 seconds.
  path: Assets/Sprites/Water_Priest/Elementals_water_priestess_FREE_v1.1/png/10_sp_atk/sp_atk_31.png
  artifactKey: Guid(1aef5916906220d4b8f38bc0febc2da1) Importer(815301076,1909f56bfc062723c751e8b465ee728b)
Start importing Assets/Sprites/Water_Priest/Elementals_water_priestess_FREE_v1.1/png/10_sp_atk/sp_atk_31.png using Guid(1aef5916906220d4b8f38bc0febc2da1) Importer(815301076,1909f56bfc062723c751e8b465ee728b) [PhysX] Initialized MultithreadedTaskDispatcher with 24 workers.
[PhysX] Initialized MultithreadedTaskDispatcher with 24 workers.
 -> (artifact id: '5717e4e1a3404443d9d5a58dcb89634a') in 0.004675 seconds
Number of updated asset objects reloaded before import = 0
Number of asset objects unloaded after import = 2
========================================================================
Received Import Request.
  Time since last request: 0.026306 seconds.
  path: Assets/Sprites/Water_Priest/Elementals_water_priestess_FREE_v1.1/png/10_sp_atk/sp_atk_32.png
  artifactKey: Guid(f0b31e3404fdabb4d8040234392eb6c9) Importer(815301076,1909f56bfc062723c751e8b465ee728b)
Start importing Assets/Sprites/Water_Priest/Elementals_water_priestess_FREE_v1.1/png/10_sp_atk/sp_atk_32.png using Guid(f0b31e3404fdabb4d8040234392eb6c9) Importer(815301076,1909f56bfc062723c751e8b465ee728b) [PhysX] Initialized MultithreadedTaskDispatcher with 24 workers.
[PhysX] Initialized MultithreadedTaskDispatcher with 24 workers.
 -> (artifact id: '6a2218bc3c59b05de4ef34f95a411158') in 0.004360 seconds
Number of updated asset objects reloaded before import = 0
Number of asset objects unloaded after import = 2
========================================================================
Received Import Request.
  Time since last request: 2.672067 seconds.
  path: Assets/Sprites/Water_Priest/Elementals_water_priestess_FREE_v1.1/png/10_sp_atk/sp_atk_17.png
  artifactKey: Guid(2416398768f069e48be8dc646a06d836) Importer(815301076,1909f56bfc062723c751e8b465ee728b)
Start importing Assets/Sprites/Water_Priest/Elementals_water_priestess_FREE_v1.1/png/10_sp_atk/sp_atk_17.png using Guid(2416398768f069e48be8dc646a06d836) Importer(815301076,1909f56bfc062723c751e8b465ee728b) [PhysX] Initialized MultithreadedTaskDispatcher with 24 workers.
[PhysX] Initialized MultithreadedTaskDispatcher with 24 workers.
 -> (artifact id: 'dd42470e4df4793941afcd5a3e50a49a') in 0.005059 seconds
Number of updated asset objects reloaded before import = 0
Number of asset objects unloaded after import = 2
========================================================================
Received Import Request.
  Time since last request: 0.039874 seconds.
  path: Assets/Sprites/Water_Priest/Elementals_water_priestess_FREE_v1.1/png/10_sp_atk/sp_atk_16.png
  artifactKey: Guid(cec16a772a77cc247b665d82fe5a7f89) Importer(815301076,1909f56bfc062723c751e8b465ee728b)
Start importing Assets/Sprites/Water_Priest/Elementals_water_priestess_FREE_v1.1/png/10_sp_atk/sp_atk_16.png using Guid(cec16a772a77cc247b665d82fe5a7f89) Importer(815301076,1909f56bfc062723c751e8b465ee728b) [PhysX] Initialized MultithreadedTaskDispatcher with 24 workers.
[PhysX] Initialized MultithreadedTaskDispatcher with 24 workers.
 -> (artifact id: 'fb7f3601f5f2b7f2446840d0bcffa041') in 0.006260 seconds
Number of updated asset objects reloaded before import = 0
Number of asset objects unloaded after import = 2
========================================================================
Received Import Request.
  Time since last request: 0.299724 seconds.
  path: Assets/Sprites/Water_Priest/Elementals_water_priestess_FREE_v1.1/png/10_sp_atk/sp_atk_15.png
  artifactKey: Guid(65a1aeb945eeb054aa513e01e602f438) Importer(815301076,1909f56bfc062723c751e8b465ee728b)
Start importing Assets/Sprites/Water_Priest/Elementals_water_priestess_FREE_v1.1/png/10_sp_atk/sp_atk_15.png using Guid(65a1aeb945eeb054aa513e01e602f438) Importer(815301076,1909f56bfc062723c751e8b465ee728b) [PhysX] Initialized MultithreadedTaskDispatcher with 24 workers.
[PhysX] Initialized MultithreadedTaskDispatcher with 24 workers.
 -> (artifact id: 'cb38b3a0b216dfb367b7647d2fb25101') in 0.010436 seconds
Number of updated asset objects reloaded before import = 0
Number of asset objects unloaded after import = 2
========================================================================
Received Import Request.
  Time since last request: 0.025707 seconds.
  path: Assets/Sprites/Water_Priest/Elementals_water_priestess_FREE_v1.1/png/10_sp_atk/sp_atk_14.png
  artifactKey: Guid(d3ba0c9b278e772478df468dd5648cdb) Importer(815301076,1909f56bfc062723c751e8b465ee728b)
Start importing Assets/Sprites/Water_Priest/Elementals_water_priestess_FREE_v1.1/png/10_sp_atk/sp_atk_14.png using Guid(d3ba0c9b278e772478df468dd5648cdb) Importer(815301076,1909f56bfc062723c751e8b465ee728b) [PhysX] Initialized MultithreadedTaskDispatcher with 24 workers.
[PhysX] Initialized MultithreadedTaskDispatcher with 24 workers.
 -> (artifact id: '1c8ef0df3e21b26d11d736fecf79d35a') in 0.006540 seconds
Number of updated asset objects reloaded before import = 0
Number of asset objects unloaded after import = 2
========================================================================
Received Import Request.
  Time since last request: 0.296655 seconds.
  path: Assets/Sprites/Water_Priest/Elementals_water_priestess_FREE_v1.1/png/10_sp_atk/sp_atk_13.png
  artifactKey: Guid(ae9f67961487f5b478427a64f1374cd1) Importer(815301076,1909f56bfc062723c751e8b465ee728b)
Start importing Assets/Sprites/Water_Priest/Elementals_water_priestess_FREE_v1.1/png/10_sp_atk/sp_atk_13.png using Guid(ae9f67961487f5b478427a64f1374cd1) Importer(815301076,1909f56bfc062723c751e8b465ee728b) [PhysX] Initialized MultithreadedTaskDispatcher with 24 workers.
[PhysX] Initialized MultithreadedTaskDispatcher with 24 workers.
 -> (artifact id: '31c7c6937275cb63067e2c8b36fc6206') in 0.005308 seconds
Number of updated asset objects reloaded before import = 0
Number of asset objects unloaded after import = 2
========================================================================
Received Import Request.
  Time since last request: 54.324588 seconds.
  path: Assets/Sprites/Huntress/Huntress/Sprites/Run.png
  artifactKey: Guid(530fb2ed9fb7f5a43ad961bf4a71ce07) Importer(815301076,1909f56bfc062723c751e8b465ee728b)
Start importing Assets/Sprites/Huntress/Huntress/Sprites/Run.png using Guid(530fb2ed9fb7f5a43ad961bf4a71ce07) Importer(815301076,1909f56bfc062723c751e8b465ee728b) [PhysX] Initialized MultithreadedTaskDispatcher with 24 workers.
[PhysX] Initialized MultithreadedTaskDispatcher with 24 workers.
 -> (artifact id: '0d2348acca47909829f34506c943b976') in 0.138749 seconds
Number of updated asset objects reloaded before import = 0
Number of asset objects unloaded after import = 10
========================================================================
Received Import Request.
  Time since last request: 42.581791 seconds.
  path: Assets/Animations/Huntress/HuntressAnimator.controller
  artifactKey: Guid(5bcab5cb07c87bb479cebc2cc0d729a2) Importer(815301076,1909f56bfc062723c751e8b465ee728b)
Start importing Assets/Animations/Huntress/HuntressAnimator.controller using Guid(5bcab5cb07c87bb479cebc2cc0d729a2) Importer(815301076,1909f56bfc062723c751e8b465ee728b) [PhysX] Initialized MultithreadedTaskDispatcher with 24 workers.
 -> (artifact id: '51ff3864aa02271682668cbc8d84aa7f') in 0.002313 seconds
Number of updated asset objects reloaded before import = 0
Number of asset objects unloaded after import = 12
========================================================================
Received Import Request.
  Time since last request: 40.660070 seconds.
  path: Assets/Sprites/Huntress/Huntress/Sprites/Jump.png
  artifactKey: Guid(97357ff4b8f7cbd42bad0266e8766036) Importer(815301076,1909f56bfc062723c751e8b465ee728b)
Start importing Assets/Sprites/Huntress/Huntress/Sprites/Jump.png using Guid(97357ff4b8f7cbd42bad0266e8766036) Importer(815301076,1909f56bfc062723c751e8b465ee728b) [PhysX] Initialized MultithreadedTaskDispatcher with 24 workers.
[PhysX] Initialized MultithreadedTaskDispatcher with 24 workers.
 -> (artifact id: 'e133d10449e1f41cad5a38502bc56e76') in 0.035483 seconds
Number of updated asset objects reloaded before import = 0
Number of asset objects unloaded after import = 4
========================================================================
Received Import Request.
  Time since last request: 22.173002 seconds.
  path: Assets/Sprites/Huntress/Huntress/Sprites/Fall.png
  artifactKey: Guid(9400fa11b0b1578438c783b1b0b4a4ac) Importer(815301076,1909f56bfc062723c751e8b465ee728b)
Start importing Assets/Sprites/Huntress/Huntress/Sprites/Fall.png using Guid(9400fa11b0b1578438c783b1b0b4a4ac) Importer(815301076,1909f56bfc062723c751e8b465ee728b) [PhysX] Initialized MultithreadedTaskDispatcher with 24 workers.
[PhysX] Initialized MultithreadedTaskDispatcher with 24 workers.
 -> (artifact id: '5851136db6e4f003ae7869f633205a22') in 0.038965 seconds
Number of updated asset objects reloaded before import = 0
Number of asset objects unloaded after import = 4
========================================================================
Received Import Request.
  Time since last request: 419.000358 seconds.
  path: Assets/Animations/Huntress/HuntressAnimator.controller
  artifactKey: Guid(5bcab5cb07c87bb479cebc2cc0d729a2) Importer(815301076,1909f56bfc062723c751e8b465ee728b)
Start importing Assets/Animations/Huntress/HuntressAnimator.controller using Guid(5bcab5cb07c87bb479cebc2cc0d729a2) Importer(815301076,1909f56bfc062723c751e8b465ee728b) [PhysX] Initialized MultithreadedTaskDispatcher with 24 workers.
 -> (artifact id: '8e821e39282e50e54869a8234620a0f4') in 0.003230 seconds
Number of updated asset objects reloaded before import = 0
Number of asset objects unloaded after import = 12
========================================================================
Received Prepare
Caller must complete domain reload
Begin MonoManager ReloadAssembly
- Loaded All Assemblies, in  0.322 seconds
Native extension for WindowsStandalone target not found
Mono: successfully reloaded assembly
- Finished resetting the current domain, in  0.810 seconds
Domain Reload Profiling: 1129ms
	BeginReloadAssembly (116ms)
		ExecutionOrderSort (0ms)
		DisableScriptedObjects (4ms)
		BackupInstance (0ms)
		ReleaseScriptingObjects (0ms)
		CreateAndSetChildDomain (28ms)
	RebuildCommonClasses (20ms)
	RebuildNativeTypeToScriptingClass (6ms)
	initialDomainReloadingComplete (22ms)
	LoadAllAssembliesAndSetupDomain (154ms)
		LoadAssemblies (197ms)
		RebuildTransferFunctionScriptingTraits (0ms)
		AnalyzeDomain (11ms)
			TypeCache.Refresh (4ms)
				TypeCache.ScanAssembly (0ms)
			ScanForSourceGeneratedMonoScriptInfo (0ms)
			ResolveRequiredComponents (5ms)
	FinalizeReload (810ms)
		ReleaseScriptCaches (0ms)
		RebuildScriptCaches (0ms)
		SetupLoadedEditorAssemblies (442ms)
			LogAssemblyErrors (0ms)
			InitializePlatformSupportModulesInManaged (5ms)
			SetLoadedEditorAssemblies (3ms)
			RefreshPlugins (0ms)
			BeforeProcessingInitializeOnLoad (43ms)
			ProcessInitializeOnLoadAttributes (368ms)
			ProcessInitializeOnLoadMethodAttributes (19ms)
			AfterProcessingInitializeOnLoad (5ms)
			EditorAssembliesLoaded (0ms)
		ExecutionOrderSort2 (0ms)
		AwakeInstancesAfterBackupRestoration (5ms)
Refreshing native plugins compatible for Editor in 3.22 ms, found 3 plugins.
Preloading 0 native plugins for Editor in 0.00 ms.
Unloading 3740 Unused Serialized files (Serialized files now loaded: 0)
Unloading 14 unused Assets / (28.6 KB). Loaded Objects now: 4246.
Memory consumption went from 137.0 MB to 137.0 MB.
Total: 2.381200 ms (FindLiveObjects: 0.172200 ms CreateObjectMapping: 0.054100 ms MarkObjects: 2.125000 ms  DeleteObjects: 0.029300 ms)

Prepare: number of updated asset objects reloaded= 0
AssetImportParameters requested are different than current active one (requested -> active):
  custom:container-demuxer-ogg: 62fdf1f143b41e24485cea50d1cbac27 -> 
  custom:video-codec-MediaFoundation-h265: 746d11721c4dcdbdad8f713fa42b33f4 -> 
  custom:video-decoder-ogg-theora: a1e56fd34408186e4bbccfd4996cb3dc -> 
  custom:framework-win-MediaFoundation: 216162199b28c13a410421893ffa2e32 -> 
  custom:CustomObjectIndexerAttribute: 9a22284fe3817be447336de3de66b15e -> 
  custom:container-demuxer-webm: 4f35f7cbe854078d1ac9338744f61a02 -> 
  custom:container-muxer-webm: aa71ff27fc2769a1b78a27578f13a17b -> 
  custom:video-decoder-webm-vp8: 9c59270c3fd7afecdb556c50c9e8de78 -> 
  custom:SearchIndexIgnoredProperties: e643bd26f0fe6173181afceb89e7c659 -> 
  custom:AudioImporter_EditorPlatform: d09bf68614088b80899f8185d706f6e7 -> 
  custom:video-encoder-webm-vp8: eb34c28f22e8b96e1ab97ce403110664 -> 
  custom:audio-decoder-ogg-vorbis: bf7c407c2cedff20999df2af8eb42d56 -> 
  custom:audio-encoder-webm-vorbis: bf7c407c2cedff20999df2af8eb42d56 -> 
========================================================================
Received Import Request.
  Time since last request: 406.487100 seconds.
  path: Assets/Animations/Huntress/HuntressFall.anim
  artifactKey: Guid(5c50dc2da6306764b8eb4fc0ac90803e) Importer(815301076,1909f56bfc062723c751e8b465ee728b)
Start importing Assets/Animations/Huntress/HuntressFall.anim using Guid(5c50dc2da6306764b8eb4fc0ac90803e) Importer(815301076,1909f56bfc062723c751e8b465ee728b) [PhysX] Initialized MultithreadedTaskDispatcher with 24 workers.
 -> (artifact id: '03c70ce89693dc23f05a2f1b6ade3886') in 0.007314 seconds
Number of updated asset objects reloaded before import = 0
Number of asset objects unloaded after import = 1
========================================================================
Received Import Request.
  Time since last request: 0.356542 seconds.
  path: Assets/Animations/Huntress/HuntressIdle.anim
  artifactKey: Guid(eae1fb6a3acdf3446b83ac532cdf15a6) Importer(815301076,1909f56bfc062723c751e8b465ee728b)
Start importing Assets/Animations/Huntress/HuntressIdle.anim using Guid(eae1fb6a3acdf3446b83ac532cdf15a6) Importer(815301076,1909f56bfc062723c751e8b465ee728b) [PhysX] Initialized MultithreadedTaskDispatcher with 24 workers.
 -> (artifact id: '25cdbd05f67ed392ea6d9ccebaf3dbd8') in 0.000982 seconds
Number of updated asset objects reloaded before import = 0
Number of asset objects unloaded after import = 1
========================================================================
Received Import Request.
  Time since last request: 0.412274 seconds.
  path: Assets/Animations/Huntress/HuntressJump.anim
  artifactKey: Guid(3212b8dedb97b4540bbc2c6c54eae8f1) Importer(815301076,1909f56bfc062723c751e8b465ee728b)
Start importing Assets/Animations/Huntress/HuntressJump.anim using Guid(3212b8dedb97b4540bbc2c6c54eae8f1) Importer(815301076,1909f56bfc062723c751e8b465ee728b) [PhysX] Initialized MultithreadedTaskDispatcher with 24 workers.
 -> (artifact id: 'f831568b361ecbeefb24addaaed99c36') in 0.000939 seconds
Number of updated asset objects reloaded before import = 0
Number of asset objects unloaded after import = 1
========================================================================
Received Import Request.
  Time since last request: 0.414160 seconds.
  path: Assets/Animations/Huntress/HuntressLand.anim
  artifactKey: Guid(2e8c165afd4c0e9458d5aa65f43d3303) Importer(815301076,1909f56bfc062723c751e8b465ee728b)
Start importing Assets/Animations/Huntress/HuntressLand.anim using Guid(2e8c165afd4c0e9458d5aa65f43d3303) Importer(815301076,1909f56bfc062723c751e8b465ee728b) [PhysX] Initialized MultithreadedTaskDispatcher with 24 workers.
 -> (artifact id: '5af673596de051c05ef2525b155b28ff') in 0.000950 seconds
Number of updated asset objects reloaded before import = 0
Number of asset objects unloaded after import = 1
========================================================================
Received Import Request.
  Time since last request: 4.494536 seconds.
  path: Assets/Animations/Huntress/HuntressRun.anim
  artifactKey: Guid(1c0c248cad0743444af275b2be14875e) Importer(815301076,1909f56bfc062723c751e8b465ee728b)
Start importing Assets/Animations/Huntress/HuntressRun.anim using Guid(1c0c248cad0743444af275b2be14875e) Importer(815301076,1909f56bfc062723c751e8b465ee728b) [PhysX] Initialized MultithreadedTaskDispatcher with 24 workers.
 -> (artifact id: '65b632632e61929abf55d4d0f10b356c') in 0.001419 seconds
Number of updated asset objects reloaded before import = 0
Number of asset objects unloaded after import = 1
========================================================================
Received Prepare
Caller must complete domain reload
Begin MonoManager ReloadAssembly
- Loaded All Assemblies, in  0.291 seconds
Native extension for WindowsStandalone target not found
Mono: successfully reloaded assembly
- Finished resetting the current domain, in  0.778 seconds
Domain Reload Profiling: 1068ms
	BeginReloadAssembly (102ms)
		ExecutionOrderSort (0ms)
		DisableScriptedObjects (4ms)
		BackupInstance (0ms)
		ReleaseScriptingObjects (0ms)
		CreateAndSetChildDomain (20ms)
	RebuildCommonClasses (20ms)
	RebuildNativeTypeToScriptingClass (6ms)
	initialDomainReloadingComplete (18ms)
	LoadAllAssembliesAndSetupDomain (143ms)
		LoadAssemblies (187ms)
		RebuildTransferFunctionScriptingTraits (0ms)
		AnalyzeDomain (10ms)
			TypeCache.Refresh (4ms)
				TypeCache.ScanAssembly (0ms)
			ScanForSourceGeneratedMonoScriptInfo (0ms)
			ResolveRequiredComponents (4ms)
	FinalizeReload (779ms)
		ReleaseScriptCaches (0ms)
		RebuildScriptCaches (0ms)
		SetupLoadedEditorAssemblies (436ms)
			LogAssemblyErrors (0ms)
			InitializePlatformSupportModulesInManaged (5ms)
			SetLoadedEditorAssemblies (2ms)
			RefreshPlugins (0ms)
			BeforeProcessingInitializeOnLoad (43ms)
			ProcessInitializeOnLoadAttributes (361ms)
			ProcessInitializeOnLoadMethodAttributes (18ms)
			AfterProcessingInitializeOnLoad (6ms)
			EditorAssembliesLoaded (0ms)
		ExecutionOrderSort2 (0ms)
		AwakeInstancesAfterBackupRestoration (7ms)
Refreshing native plugins compatible for Editor in 4.37 ms, found 3 plugins.
Preloading 0 native plugins for Editor in 0.00 ms.
Unloading 3740 Unused Serialized files (Serialized files now loaded: 0)
Unloading 14 unused Assets / (28.6 KB). Loaded Objects now: 4250.
Memory consumption went from 137.0 MB to 137.0 MB.
Total: 2.388600 ms (FindLiveObjects: 0.207800 ms CreateObjectMapping: 0.062600 ms MarkObjects: 2.091200 ms  DeleteObjects: 0.026300 ms)

Prepare: number of updated asset objects reloaded= 0
AssetImportParameters requested are different than current active one (requested -> active):
  custom:container-demuxer-ogg: 62fdf1f143b41e24485cea50d1cbac27 -> 
  custom:video-codec-MediaFoundation-h265: 746d11721c4dcdbdad8f713fa42b33f4 -> 
  custom:video-decoder-ogg-theora: a1e56fd34408186e4bbccfd4996cb3dc -> 
  custom:framework-win-MediaFoundation: 216162199b28c13a410421893ffa2e32 -> 
  custom:CustomObjectIndexerAttribute: 9a22284fe3817be447336de3de66b15e -> 
  custom:container-demuxer-webm: 4f35f7cbe854078d1ac9338744f61a02 -> 
  custom:container-muxer-webm: aa71ff27fc2769a1b78a27578f13a17b -> 
  custom:video-decoder-webm-vp8: 9c59270c3fd7afecdb556c50c9e8de78 -> 
  custom:SearchIndexIgnoredProperties: e643bd26f0fe6173181afceb89e7c659 -> 
  custom:AudioImporter_EditorPlatform: d09bf68614088b80899f8185d706f6e7 -> 
  custom:video-encoder-webm-vp8: eb34c28f22e8b96e1ab97ce403110664 -> 
  custom:audio-decoder-ogg-vorbis: bf7c407c2cedff20999df2af8eb42d56 -> 
  custom:audio-encoder-webm-vorbis: bf7c407c2cedff20999df2af8eb42d56 -> 
========================================================================
Received Prepare
Caller must complete domain reload
Begin MonoManager ReloadAssembly
- Loaded All Assemblies, in  0.298 seconds
Native extension for WindowsStandalone target not found
Mono: successfully reloaded assembly
- Finished resetting the current domain, in  0.762 seconds
Domain Reload Profiling: 1058ms
	BeginReloadAssembly (108ms)
		ExecutionOrderSort (0ms)
		DisableScriptedObjects (4ms)
		BackupInstance (0ms)
		ReleaseScriptingObjects (0ms)
		CreateAndSetChildDomain (22ms)
	RebuildCommonClasses (23ms)
	RebuildNativeTypeToScriptingClass (6ms)
	initialDomainReloadingComplete (19ms)
	LoadAllAssembliesAndSetupDomain (139ms)
		LoadAssemblies (187ms)
		RebuildTransferFunctionScriptingTraits (0ms)
		AnalyzeDomain (9ms)
			TypeCache.Refresh (4ms)
				TypeCache.ScanAssembly (0ms)
			ScanForSourceGeneratedMonoScriptInfo (0ms)
			ResolveRequiredComponents (3ms)
	FinalizeReload (762ms)
		ReleaseScriptCaches (0ms)
		RebuildScriptCaches (0ms)
		SetupLoadedEditorAssemblies (431ms)
			LogAssemblyErrors (0ms)
			InitializePlatformSupportModulesInManaged (5ms)
			SetLoadedEditorAssemblies (2ms)
			RefreshPlugins (0ms)
			BeforeProcessingInitializeOnLoad (45ms)
			ProcessInitializeOnLoadAttributes (355ms)
			ProcessInitializeOnLoadMethodAttributes (18ms)
			AfterProcessingInitializeOnLoad (6ms)
			EditorAssembliesLoaded (0ms)
		ExecutionOrderSort2 (0ms)
		AwakeInstancesAfterBackupRestoration (5ms)
Refreshing native plugins compatible for Editor in 3.42 ms, found 3 plugins.
Preloading 0 native plugins for Editor in 0.00 ms.
Unloading 3741 Unused Serialized files (Serialized files now loaded: 0)
Unloading 14 unused Assets / (29.6 KB). Loaded Objects now: 4254.
Memory consumption went from 137.3 MB to 137.3 MB.
Total: 2.712400 ms (FindLiveObjects: 0.181200 ms CreateObjectMapping: 0.055600 ms MarkObjects: 2.443100 ms  DeleteObjects: 0.031800 ms)

Prepare: number of updated asset objects reloaded= 0
AssetImportParameters requested are different than current active one (requested -> active):
  custom:container-demuxer-ogg: 62fdf1f143b41e24485cea50d1cbac27 -> 
  custom:video-codec-MediaFoundation-h265: 746d11721c4dcdbdad8f713fa42b33f4 -> 
  custom:video-decoder-ogg-theora: a1e56fd34408186e4bbccfd4996cb3dc -> 
  custom:framework-win-MediaFoundation: 216162199b28c13a410421893ffa2e32 -> 
  custom:CustomObjectIndexerAttribute: 9a22284fe3817be447336de3de66b15e -> 
  custom:container-demuxer-webm: 4f35f7cbe854078d1ac9338744f61a02 -> 
  custom:container-muxer-webm: aa71ff27fc2769a1b78a27578f13a17b -> 
  custom:video-decoder-webm-vp8: 9c59270c3fd7afecdb556c50c9e8de78 -> 
  custom:SearchIndexIgnoredProperties: e643bd26f0fe6173181afceb89e7c659 -> 
  custom:AudioImporter_EditorPlatform: d09bf68614088b80899f8185d706f6e7 -> 
  custom:video-encoder-webm-vp8: eb34c28f22e8b96e1ab97ce403110664 -> 
  custom:audio-decoder-ogg-vorbis: bf7c407c2cedff20999df2af8eb42d56 -> 
  custom:audio-encoder-webm-vorbis: bf7c407c2cedff20999df2af8eb42d56 -> 
========================================================================
Received Import Request.
  Time since last request: 298.485356 seconds.
  path: Assets/Animations/Huntress/HuntressAtk1.anim
  artifactKey: Guid(b4ad13ee301054345a9182edbb302554) Importer(815301076,1909f56bfc062723c751e8b465ee728b)
Start importing Assets/Animations/Huntress/HuntressAtk1.anim using Guid(b4ad13ee301054345a9182edbb302554) Importer(815301076,1909f56bfc062723c751e8b465ee728b) [PhysX] Initialized MultithreadedTaskDispatcher with 24 workers.
 -> (artifact id: '13071b9a5a12e107da3b74279cc74f92') in 0.009169 seconds
Number of updated asset objects reloaded before import = 0
Number of asset objects unloaded after import = 1
========================================================================
Received Import Request.
  Time since last request: 13.097525 seconds.
  path: Assets/Animations/Huntress/HuntressAtk2.anim
  artifactKey: Guid(9e40735b66f598d4b931e622b05cc36c) Importer(815301076,1909f56bfc062723c751e8b465ee728b)
Start importing Assets/Animations/Huntress/HuntressAtk2.anim using Guid(9e40735b66f598d4b931e622b05cc36c) Importer(815301076,1909f56bfc062723c751e8b465ee728b) [PhysX] Initialized MultithreadedTaskDispatcher with 24 workers.
 -> (artifact id: '6e430779a9446ac4530f0d9028cc758d') in 0.000877 seconds
Number of updated asset objects reloaded before import = 0
Number of asset objects unloaded after import = 1
========================================================================
Received Import Request.
  Time since last request: 24.858738 seconds.
  path: Assets/Animations/Huntress/HuntressAtk3.anim
  artifactKey: Guid(ba3b1028ef15d6440af62985887a34b5) Importer(815301076,1909f56bfc062723c751e8b465ee728b)
Start importing Assets/Animations/Huntress/HuntressAtk3.anim using Guid(ba3b1028ef15d6440af62985887a34b5) Importer(815301076,1909f56bfc062723c751e8b465ee728b) [PhysX] Initialized MultithreadedTaskDispatcher with 24 workers.
 -> (artifact id: 'e26958168a0e862755a2d487b2156a26') in 0.001318 seconds
Number of updated asset objects reloaded before import = 0
Number of asset objects unloaded after import = 1
========================================================================
Received Import Request.
  Time since last request: 132.757831 seconds.
  path: Assets/Animations/Huntress/HuntressAnimator.controller
  artifactKey: Guid(5bcab5cb07c87bb479cebc2cc0d729a2) Importer(815301076,1909f56bfc062723c751e8b465ee728b)
Start importing Assets/Animations/Huntress/HuntressAnimator.controller using Guid(5bcab5cb07c87bb479cebc2cc0d729a2) Importer(815301076,1909f56bfc062723c751e8b465ee728b) [PhysX] Initialized MultithreadedTaskDispatcher with 24 workers.
 -> (artifact id: 'b6aa68f75487b88d1c10b288dc91031f') in 0.003070 seconds
Number of updated asset objects reloaded before import = 0
Number of asset objects unloaded after import = 21
========================================================================
Received Import Request.
  Time since last request: 29.548292 seconds.
  path: Assets/Sprites/BladeKeeper/Elementals_metal_bladekeeper_FREE_v1.1/metal_bladekeeper.png
  artifactKey: Guid(6f571f32d5209134e9d742533b01bada) Importer(815301076,1909f56bfc062723c751e8b465ee728b)
Start importing Assets/Sprites/BladeKeeper/Elementals_metal_bladekeeper_FREE_v1.1/metal_bladekeeper.png using Guid(6f571f32d5209134e9d742533b01bada) Importer(815301076,1909f56bfc062723c751e8b465ee728b) [PhysX] Initialized MultithreadedTaskDispatcher with 24 workers.
[PhysX] Initialized MultithreadedTaskDispatcher with 24 workers.
 -> (artifact id: '5c510b23c4470e15556abaaf26797ff9') in 0.038482 seconds
Number of updated asset objects reloaded before import = 0
Number of asset objects unloaded after import = 2
========================================================================
Received Import Request.
  Time since last request: 19.928082 seconds.
  path: Assets/Sprites/Monk/Elementals_ground_monk_FREE_v1.3/gifs/00_all_animations.gif
  artifactKey: Guid(0af19b7a71258ac4fa5c6c6d13b98019) Importer(815301076,1909f56bfc062723c751e8b465ee728b)
Start importing Assets/Sprites/Monk/Elementals_ground_monk_FREE_v1.3/gifs/00_all_animations.gif using Guid(0af19b7a71258ac4fa5c6c6d13b98019) Importer(815301076,1909f56bfc062723c751e8b465ee728b) [PhysX] Initialized MultithreadedTaskDispatcher with 24 workers.
[PhysX] Initialized MultithreadedTaskDispatcher with 24 workers.
 -> (artifact id: 'a8b6495495f0bef97928f8353792cf9c') in 0.006935 seconds
Number of updated asset objects reloaded before import = 0
Number of asset objects unloaded after import = 2
========================================================================
Received Import Request.
  Time since last request: 0.003712 seconds.
  path: Assets/Sprites/Monk/Elementals_ground_monk_FREE_v1.3/gifs/04_j_down.gif
  artifactKey: Guid(5c5a79c74c3b5f64399871683d6ebfdf) Importer(815301076,1909f56bfc062723c751e8b465ee728b)
Start importing Assets/Sprites/Monk/Elementals_ground_monk_FREE_v1.3/gifs/04_j_down.gif using Guid(5c5a79c74c3b5f64399871683d6ebfdf) Importer(815301076,1909f56bfc062723c751e8b465ee728b) [PhysX] Initialized MultithreadedTaskDispatcher with 24 workers.
[PhysX] Initialized MultithreadedTaskDispatcher with 24 workers.
 -> (artifact id: '50c6f90bfafc30e5f7f81b9d1df2927b') in 0.005691 seconds
Number of updated asset objects reloaded before import = 0
Number of asset objects unloaded after import = 2
========================================================================
Received Import Request.
  Time since last request: 0.002799 seconds.
  path: Assets/Sprites/Monk/Elementals_ground_monk_FREE_v1.3/gifs/07_3_atk.gif
  artifactKey: Guid(3e37837a903b09049bcd7d8ad7ad1113) Importer(815301076,1909f56bfc062723c751e8b465ee728b)
Start importing Assets/Sprites/Monk/Elementals_ground_monk_FREE_v1.3/gifs/07_3_atk.gif using Guid(3e37837a903b09049bcd7d8ad7ad1113) Importer(815301076,1909f56bfc062723c751e8b465ee728b) [PhysX] Initialized MultithreadedTaskDispatcher with 24 workers.
[PhysX] Initialized MultithreadedTaskDispatcher with 24 workers.
 -> (artifact id: 'ada226e7bb7faab684b7c8fbddc5ebda') in 0.005405 seconds
Number of updated asset objects reloaded before import = 0
Number of asset objects unloaded after import = 2
========================================================================
Received Import Request.
  Time since last request: 0.001831 seconds.
  path: Assets/Sprites/Monk/Elementals_ground_monk_FREE_v1.3/gifs/05_1_atk.gif
  artifactKey: Guid(61835597cd2806a4e881378f63bd69f6) Importer(815301076,1909f56bfc062723c751e8b465ee728b)
Start importing Assets/Sprites/Monk/Elementals_ground_monk_FREE_v1.3/gifs/05_1_atk.gif using Guid(61835597cd2806a4e881378f63bd69f6) Importer(815301076,1909f56bfc062723c751e8b465ee728b) [PhysX] Initialized MultithreadedTaskDispatcher with 24 workers.
[PhysX] Initialized MultithreadedTaskDispatcher with 24 workers.
 -> (artifact id: '98dbb81c93220f1751b0196323929d95') in 0.009724 seconds
Number of updated asset objects reloaded before import = 0
Number of asset objects unloaded after import = 2
========================================================================
Received Import Request.
  Time since last request: 0.000024 seconds.
  path: Assets/Sprites/Monk/Elementals_ground_monk_FREE_v1.3/gifs/06_2_atk.gif
  artifactKey: Guid(a3f0c766d1b22a84b8e4befd41cca164) Importer(815301076,1909f56bfc062723c751e8b465ee728b)
Start importing Assets/Sprites/Monk/Elementals_ground_monk_FREE_v1.3/gifs/06_2_atk.gif using Guid(a3f0c766d1b22a84b8e4befd41cca164) Importer(815301076,1909f56bfc062723c751e8b465ee728b) [PhysX] Initialized MultithreadedTaskDispatcher with 24 workers.
[PhysX] Initialized MultithreadedTaskDispatcher with 24 workers.
 -> (artifact id: '1e305ce3aa96d3fb024590aaf4ed1fa9') in 0.005683 seconds
Number of updated asset objects reloaded before import = 0
Number of asset objects unloaded after import = 2
========================================================================
Received Import Request.
  Time since last request: 0.000014 seconds.
  path: Assets/Sprites/Monk/Elementals_ground_monk_FREE_v1.3/gifs/11_defend.gif
  artifactKey: Guid(a91398c256471b447bf629ae6bb1b290) Importer(815301076,1909f56bfc062723c751e8b465ee728b)
Start importing Assets/Sprites/Monk/Elementals_ground_monk_FREE_v1.3/gifs/11_defend.gif using Guid(a91398c256471b447bf629ae6bb1b290) Importer(815301076,1909f56bfc062723c751e8b465ee728b) [PhysX] Initialized MultithreadedTaskDispatcher with 24 workers.
[PhysX] Initialized MultithreadedTaskDispatcher with 24 workers.
 -> (artifact id: 'a77e870ca59056102a8dc0f5729332cf') in 0.004983 seconds
Number of updated asset objects reloaded before import = 0
Number of asset objects unloaded after import = 2
========================================================================
Received Import Request.
  Time since last request: 0.000013 seconds.
  path: Assets/Sprites/Monk/Elementals_ground_monk_FREE_v1.3/gifs/08_sp_atk.gif
  artifactKey: Guid(c7475c9ab9a32a54998312e19ca76b18) Importer(815301076,1909f56bfc062723c751e8b465ee728b)
Start importing Assets/Sprites/Monk/Elementals_ground_monk_FREE_v1.3/gifs/08_sp_atk.gif using Guid(c7475c9ab9a32a54998312e19ca76b18) Importer(815301076,1909f56bfc062723c751e8b465ee728b) [PhysX] Initialized MultithreadedTaskDispatcher with 24 workers.
[PhysX] Initialized MultithreadedTaskDispatcher with 24 workers.
 -> (artifact id: '879aa54e07831382f704272b6758f09d') in 0.010317 seconds
Number of updated asset objects reloaded before import = 0
Number of asset objects unloaded after import = 2
Editor requested this worker to shutdown with reason: Scaling down because of idle timeout
TcpMessagingSession - receive error: operation aborted. errorcode: 995, details: The I/O operation has been aborted because of either a thread exit or an application request.
AssetImportWorker is now disconnected from the server
Process exiting
Exiting without the bug reporter. Application will terminate with return code 0