Using pre-set license
Built from '2022.3/staging' branch; Version is '2022.3.46f1 (8e9b8558c41a) revision 9345925'; Using compiler version '192829333'; Build Type 'Release'
OS: 'Windows 11  (10.0.26100) 64bit Core' Language: 'en' Physical Memory: 32475 MB
BatchMode: 1, IsHumanControllingUs: 0, StartBugReporterOnCrash: 0, Is64bit: 1, IsPro: 1

COMMAND LINE ARGUMENTS:
C:\Program Files\Unity\Hub\Editor\2022.3.46f1\Editor\Unity.exe
-adb2
-batchMode
-noUpm
-name
AssetImportWorker9
-projectPath
C:/Users/40sst/clash-nexus/clash-nexus
-logFile
Logs/AssetImportWorker9.log
-srvPort
64399
Successfully changed project path to: C:/Users/40sst/clash-nexus/clash-nexus
C:/Users/40sst/clash-nexus/clash-nexus
[UnityMemory] Configuration Parameters - Can be set up in boot.config
    "memorysetup-bucket-allocator-granularity=16"
    "memorysetup-bucket-allocator-bucket-count=8"
    "memorysetup-bucket-allocator-block-size=33554432"
    "memorysetup-bucket-allocator-block-count=8"
    "memorysetup-main-allocator-block-size=16777216"
    "memorysetup-thread-allocator-block-size=16777216"
    "memorysetup-gfx-main-allocator-block-size=16777216"
    "memorysetup-gfx-thread-allocator-block-size=16777216"
    "memorysetup-cache-allocator-block-size=4194304"
    "memorysetup-typetree-allocator-block-size=2097152"
    "memorysetup-profiler-bucket-allocator-granularity=16"
    "memorysetup-profiler-bucket-allocator-bucket-count=8"
    "memorysetup-profiler-bucket-allocator-block-size=33554432"
    "memorysetup-profiler-bucket-allocator-block-count=8"
    "memorysetup-profiler-allocator-block-size=16777216"
    "memorysetup-profiler-editor-allocator-block-size=1048576"
    "memorysetup-temp-allocator-size-main=16777216"
    "memorysetup-job-temp-allocator-block-size=2097152"
    "memorysetup-job-temp-allocator-block-size-background=1048576"
    "memorysetup-job-temp-allocator-reduction-small-platforms=262144"
    "memorysetup-allocator-temp-initial-block-size-main=262144"
    "memorysetup-allocator-temp-initial-block-size-worker=262144"
    "memorysetup-temp-allocator-size-background-worker=32768"
    "memorysetup-temp-allocator-size-job-worker=262144"
    "memorysetup-temp-allocator-size-preload-manager=33554432"
    "memorysetup-temp-allocator-size-nav-mesh-worker=65536"
    "memorysetup-temp-allocator-size-audio-worker=65536"
    "memorysetup-temp-allocator-size-cloud-worker=32768"
    "memorysetup-temp-allocator-size-gi-baking-worker=262144"
    "memorysetup-temp-allocator-size-gfx=262144"
Player connection [23700]  Target information:

Player connection [23700]  * "[IP] 10.20.73.189 [Port] 0 [Flags] 2 [Guid] 1411096035 [EditorId] 1411096035 [Version] 1048832 [Id] WindowsEditor(7,ifwoctopi) [Debug] 1 [PackageName] WindowsEditor [ProjectName] Editor" 

Player connection [23700] Host joined multi-casting on [225.0.0.222:54997]...
Player connection [23700] Host joined alternative multi-casting on [225.0.0.222:34997]...
[PhysX] Initialized MultithreadedTaskDispatcher with 24 workers.
Refreshing native plugins compatible for Editor in 4.95 ms, found 3 plugins.
Preloading 0 native plugins for Editor in 0.00 ms.
Initialize engine version: 2022.3.46f1 (8e9b8558c41a)
[Subsystems] Discovering subsystems at path C:/Program Files/Unity/Hub/Editor/2022.3.46f1/Editor/Data/Resources/UnitySubsystems
[Subsystems] Discovering subsystems at path C:/Users/40sst/clash-nexus/clash-nexus/Assets
GfxDevice: creating device client; threaded=0; jobified=0
Direct3D:
    Version:  Direct3D 11.0 [level 11.1]
    Renderer: NVIDIA GeForce RTX 4070 Laptop GPU (ID=0x2860)
    Vendor:   NVIDIA
    VRAM:     7948 MB
    Driver:   32.0.15.6624
Initialize mono
Mono path[0] = 'C:/Program Files/Unity/Hub/Editor/2022.3.46f1/Editor/Data/Managed'
Mono path[1] = 'C:/Program Files/Unity/Hub/Editor/2022.3.46f1/Editor/Data/MonoBleedingEdge/lib/mono/unityjit-win32'
Mono config path = 'C:/Program Files/Unity/Hub/Editor/2022.3.46f1/Editor/Data/MonoBleedingEdge/etc'
Using monoOptions --debugger-agent=transport=dt_socket,embedding=1,server=y,suspend=n,address=127.0.0.1:56136
Begin MonoManager ReloadAssembly
Registering precompiled unity dll's ...
Register platform support module: C:/Program Files/Unity/Hub/Editor/2022.3.46f1/Editor/Data/PlaybackEngines/WindowsStandaloneSupport/UnityEditor.WindowsStandalone.Extensions.dll
Registered in 0.004623 seconds.
- Loaded All Assemblies, in  0.212 seconds
Native extension for WindowsStandalone target not found
Mono: successfully reloaded assembly
- Finished resetting the current domain, in  0.167 seconds
Domain Reload Profiling: 378ms
	BeginReloadAssembly (64ms)
		ExecutionOrderSort (0ms)
		DisableScriptedObjects (0ms)
		BackupInstance (0ms)
		ReleaseScriptingObjects (0ms)
		CreateAndSetChildDomain (0ms)
	RebuildCommonClasses (20ms)
	RebuildNativeTypeToScriptingClass (6ms)
	initialDomainReloadingComplete (37ms)
	LoadAllAssembliesAndSetupDomain (83ms)
		LoadAssemblies (63ms)
		RebuildTransferFunctionScriptingTraits (0ms)
		AnalyzeDomain (82ms)
			TypeCache.Refresh (81ms)
				TypeCache.ScanAssembly (72ms)
			ScanForSourceGeneratedMonoScriptInfo (0ms)
			ResolveRequiredComponents (0ms)
	FinalizeReload (167ms)
		ReleaseScriptCaches (0ms)
		RebuildScriptCaches (0ms)
		SetupLoadedEditorAssemblies (137ms)
			LogAssemblyErrors (0ms)
			InitializePlatformSupportModulesInManaged (6ms)
			SetLoadedEditorAssemblies (5ms)
			RefreshPlugins (0ms)
			BeforeProcessingInitializeOnLoad (1ms)
			ProcessInitializeOnLoadAttributes (97ms)
			ProcessInitializeOnLoadMethodAttributes (28ms)
			AfterProcessingInitializeOnLoad (0ms)
			EditorAssembliesLoaded (0ms)
		ExecutionOrderSort2 (0ms)
		AwakeInstancesAfterBackupRestoration (0ms)
========================================================================
Worker process is ready to serve import requests
Caller must complete domain reload
Begin MonoManager ReloadAssembly
- Loaded All Assemblies, in  0.404 seconds
Native extension for WindowsStandalone target not found
Mono: successfully reloaded assembly
- Finished resetting the current domain, in  0.507 seconds
Domain Reload Profiling: 909ms
	BeginReloadAssembly (92ms)
		ExecutionOrderSort (0ms)
		DisableScriptedObjects (3ms)
		BackupInstance (0ms)
		ReleaseScriptingObjects (0ms)
		CreateAndSetChildDomain (13ms)
	RebuildCommonClasses (21ms)
	RebuildNativeTypeToScriptingClass (7ms)
	initialDomainReloadingComplete (28ms)
	LoadAllAssembliesAndSetupDomain (253ms)
		LoadAssemblies (186ms)
		RebuildTransferFunctionScriptingTraits (0ms)
		AnalyzeDomain (121ms)
			TypeCache.Refresh (107ms)
				TypeCache.ScanAssembly (99ms)
			ScanForSourceGeneratedMonoScriptInfo (11ms)
			ResolveRequiredComponents (3ms)
	FinalizeReload (507ms)
		ReleaseScriptCaches (0ms)
		RebuildScriptCaches (0ms)
		SetupLoadedEditorAssemblies (423ms)
			LogAssemblyErrors (0ms)
			InitializePlatformSupportModulesInManaged (4ms)
			SetLoadedEditorAssemblies (2ms)
			RefreshPlugins (0ms)
			BeforeProcessingInitializeOnLoad (41ms)
			ProcessInitializeOnLoadAttributes (352ms)
			ProcessInitializeOnLoadMethodAttributes (18ms)
			AfterProcessingInitializeOnLoad (5ms)
			EditorAssembliesLoaded (0ms)
		ExecutionOrderSort2 (0ms)
		AwakeInstancesAfterBackupRestoration (5ms)
Launched and connected shader compiler UnityShaderCompiler.exe after 0.03 seconds
Refreshing native plugins compatible for Editor in 2.22 ms, found 3 plugins.
Preloading 0 native plugins for Editor in 0.00 ms.
Unloading 3748 Unused Serialized files (Serialized files now loaded: 0)
Unloading 25 unused Assets / (54.9 KB). Loaded Objects now: 4221.
Memory consumption went from 134.1 MB to 134.1 MB.
Total: 2.639500 ms (FindLiveObjects: 0.150000 ms CreateObjectMapping: 0.050800 ms MarkObjects: 2.373600 ms  DeleteObjects: 0.064400 ms)

AssetImportParameters requested are different than current active one (requested -> active):
  custom:container-demuxer-ogg: 62fdf1f143b41e24485cea50d1cbac27 -> 
  custom:video-codec-MediaFoundation-h265: 746d11721c4dcdbdad8f713fa42b33f4 -> 
  custom:video-decoder-ogg-theora: a1e56fd34408186e4bbccfd4996cb3dc -> 
  custom:framework-win-MediaFoundation: 216162199b28c13a410421893ffa2e32 -> 
  custom:CustomObjectIndexerAttribute: 9a22284fe3817be447336de3de66b15e -> 
  custom:container-demuxer-webm: 4f35f7cbe854078d1ac9338744f61a02 -> 
  custom:container-muxer-webm: aa71ff27fc2769a1b78a27578f13a17b -> 
  custom:video-decoder-webm-vp8: 9c59270c3fd7afecdb556c50c9e8de78 -> 
  custom:SearchIndexIgnoredProperties: e643bd26f0fe6173181afceb89e7c659 -> 
  custom:AudioImporter_EditorPlatform: d09bf68614088b80899f8185d706f6e7 -> 
  custom:video-encoder-webm-vp8: eb34c28f22e8b96e1ab97ce403110664 -> 
  custom:audio-decoder-ogg-vorbis: bf7c407c2cedff20999df2af8eb42d56 -> 
  custom:audio-encoder-webm-vorbis: bf7c407c2cedff20999df2af8eb42d56 -> 
========================================================================
Received Import Request.
  Time since last request: 39930.581742 seconds.
  path: Assets/Sprites/BladeKeeper/Elementals_metal_bladekeeper_FREE_v1.1/gifs reference/03_jump_down.gif
  artifactKey: Guid(676902f1bee53ae49a18726bdd99914d) Importer(815301076,1909f56bfc062723c751e8b465ee728b)
Start importing Assets/Sprites/BladeKeeper/Elementals_metal_bladekeeper_FREE_v1.1/gifs reference/03_jump_down.gif using Guid(676902f1bee53ae49a18726bdd99914d) Importer(815301076,1909f56bfc062723c751e8b465ee728b) [PhysX] Initialized MultithreadedTaskDispatcher with 24 workers.
[PhysX] Initialized MultithreadedTaskDispatcher with 24 workers.
 -> (artifact id: '5024713401f852e90ec8990d8b142c50') in 0.059135 seconds
Number of updated asset objects reloaded before import = 0
Number of asset objects unloaded after import = 2
========================================================================
Received Import Request.
  Time since last request: 9.218913 seconds.
  path: Assets/Sprites/BladeKeeper/Elementals_metal_bladekeeper_FREE_v1.1/PNG animations/07_1_atk/07_1_atk_6.png
  artifactKey: Guid(c0b5bb0bab31cfc49a2879ab35ecfe3e) Importer(815301076,1909f56bfc062723c751e8b465ee728b)
Start importing Assets/Sprites/BladeKeeper/Elementals_metal_bladekeeper_FREE_v1.1/PNG animations/07_1_atk/07_1_atk_6.png using Guid(c0b5bb0bab31cfc49a2879ab35ecfe3e) Importer(815301076,1909f56bfc062723c751e8b465ee728b) [PhysX] Initialized MultithreadedTaskDispatcher with 24 workers.
[PhysX] Initialized MultithreadedTaskDispatcher with 24 workers.
 -> (artifact id: '60f59d05ba56b01fe189181e92e288c5') in 0.008917 seconds
Number of updated asset objects reloaded before import = 0
Number of asset objects unloaded after import = 2
========================================================================
Received Import Request.
  Time since last request: 1.231583 seconds.
  path: Assets/Sprites/BladeKeeper/Elementals_metal_bladekeeper_FREE_v1.1/PNG animations/10_sp_atk/10_sp_atk_6.png
  artifactKey: Guid(2ccfd459a5cf7764d91a05eaee77e6fb) Importer(815301076,1909f56bfc062723c751e8b465ee728b)
Start importing Assets/Sprites/BladeKeeper/Elementals_metal_bladekeeper_FREE_v1.1/PNG animations/10_sp_atk/10_sp_atk_6.png using Guid(2ccfd459a5cf7764d91a05eaee77e6fb) Importer(815301076,1909f56bfc062723c751e8b465ee728b) [PhysX] Initialized MultithreadedTaskDispatcher with 24 workers.
[PhysX] Initialized MultithreadedTaskDispatcher with 24 workers.
 -> (artifact id: 'd59660bec469d70092f2d3a7eace5421') in 0.006979 seconds
Number of updated asset objects reloaded before import = 0
Number of asset objects unloaded after import = 2
========================================================================
Received Import Request.
  Time since last request: 0.000012 seconds.
  path: Assets/Sprites/BladeKeeper/Elementals_metal_bladekeeper_FREE_v1.1/PNG animations/10_sp_atk/10_sp_atk_10.png
  artifactKey: Guid(8f42c0b107da5134ea47a5d4c9cf7463) Importer(815301076,1909f56bfc062723c751e8b465ee728b)
Start importing Assets/Sprites/BladeKeeper/Elementals_metal_bladekeeper_FREE_v1.1/PNG animations/10_sp_atk/10_sp_atk_10.png using Guid(8f42c0b107da5134ea47a5d4c9cf7463) Importer(815301076,1909f56bfc062723c751e8b465ee728b) [PhysX] Initialized MultithreadedTaskDispatcher with 24 workers.
[PhysX] Initialized MultithreadedTaskDispatcher with 24 workers.
 -> (artifact id: 'b61f6d2e7d93435af15e28d1741778f4') in 0.003726 seconds
Number of updated asset objects reloaded before import = 0
Number of asset objects unloaded after import = 2
========================================================================
Received Import Request.
  Time since last request: 2.286240 seconds.
  path: Assets/Sprites/BladeKeeper/Elementals_metal_bladekeeper_FREE_v1.1/PNG animations/08_2_atk/08_2_atk_6.png
  artifactKey: Guid(25b766c41172a69429a468f6ef977d77) Importer(815301076,1909f56bfc062723c751e8b465ee728b)
Start importing Assets/Sprites/BladeKeeper/Elementals_metal_bladekeeper_FREE_v1.1/PNG animations/08_2_atk/08_2_atk_6.png using Guid(25b766c41172a69429a468f6ef977d77) Importer(815301076,1909f56bfc062723c751e8b465ee728b) [PhysX] Initialized MultithreadedTaskDispatcher with 24 workers.
[PhysX] Initialized MultithreadedTaskDispatcher with 24 workers.
 -> (artifact id: '86cac06fd1a4cdcf3f97463680205c85') in 0.008275 seconds
Number of updated asset objects reloaded before import = 0
Number of asset objects unloaded after import = 2
========================================================================
Received Import Request.
  Time since last request: 3.607803 seconds.
  path: Assets/Sprites/BladeKeeper/Elementals_metal_bladekeeper_FREE_v1.1/PNG animations/09_3_atk/09_3_atk_6.png
  artifactKey: Guid(905f283c7261d8c459f8b7ae24f70f97) Importer(815301076,1909f56bfc062723c751e8b465ee728b)
Start importing Assets/Sprites/BladeKeeper/Elementals_metal_bladekeeper_FREE_v1.1/PNG animations/09_3_atk/09_3_atk_6.png using Guid(905f283c7261d8c459f8b7ae24f70f97) Importer(815301076,1909f56bfc062723c751e8b465ee728b) [PhysX] Initialized MultithreadedTaskDispatcher with 24 workers.
[PhysX] Initialized MultithreadedTaskDispatcher with 24 workers.
 -> (artifact id: '7d627f4274087ca2171daca202df558e') in 0.042012 seconds
Number of updated asset objects reloaded before import = 0
Number of asset objects unloaded after import = 2
========================================================================
Received Import Request.
  Time since last request: 0.000011 seconds.
  path: Assets/Sprites/BladeKeeper/Elementals_metal_bladekeeper_FREE_v1.1/PNG animations/09_3_atk/09_3_atk_7.png
  artifactKey: Guid(cc5fe03543ee08b4682f62d2a77a5534) Importer(815301076,1909f56bfc062723c751e8b465ee728b)
Start importing Assets/Sprites/BladeKeeper/Elementals_metal_bladekeeper_FREE_v1.1/PNG animations/09_3_atk/09_3_atk_7.png using Guid(cc5fe03543ee08b4682f62d2a77a5534) Importer(815301076,1909f56bfc062723c751e8b465ee728b) [PhysX] Initialized MultithreadedTaskDispatcher with 24 workers.
[PhysX] Initialized MultithreadedTaskDispatcher with 24 workers.
 -> (artifact id: '0a2b1ff54cc4348aa54b118bba6a5e8a') in 0.009665 seconds
Number of updated asset objects reloaded before import = 0
Number of asset objects unloaded after import = 2
========================================================================
Received Import Request.
  Time since last request: 44.327584 seconds.
  path: Assets/Sprites/Water_Priest/Elementals_water_priestess_FREE_v1.1/png/07_1_atk/1_atk_6.png
  artifactKey: Guid(1e61a0f47ef8fa440b3d6613bfc31f46) Importer(815301076,1909f56bfc062723c751e8b465ee728b)
Start importing Assets/Sprites/Water_Priest/Elementals_water_priestess_FREE_v1.1/png/07_1_atk/1_atk_6.png using Guid(1e61a0f47ef8fa440b3d6613bfc31f46) Importer(815301076,1909f56bfc062723c751e8b465ee728b) [PhysX] Initialized MultithreadedTaskDispatcher with 24 workers.
[PhysX] Initialized MultithreadedTaskDispatcher with 24 workers.
 -> (artifact id: '73ca11cf018c2c7bc075b9da7ed113a2') in 0.035168 seconds
Number of updated asset objects reloaded before import = 0
Number of asset objects unloaded after import = 2
========================================================================
Received Import Request.
  Time since last request: 0.725643 seconds.
  path: Assets/Sprites/Water_Priest/Elementals_water_priestess_FREE_v1.1/png/10_sp_atk/sp_atk_6.png
  artifactKey: Guid(d5c9e3c767c3bd241908a98535fc2ceb) Importer(815301076,1909f56bfc062723c751e8b465ee728b)
Start importing Assets/Sprites/Water_Priest/Elementals_water_priestess_FREE_v1.1/png/10_sp_atk/sp_atk_6.png using Guid(d5c9e3c767c3bd241908a98535fc2ceb) Importer(815301076,1909f56bfc062723c751e8b465ee728b) [PhysX] Initialized MultithreadedTaskDispatcher with 24 workers.
[PhysX] Initialized MultithreadedTaskDispatcher with 24 workers.
 -> (artifact id: '9c89d48688b8613c5f70345eebeddfec') in 0.006986 seconds
Number of updated asset objects reloaded before import = 0
Number of asset objects unloaded after import = 2
========================================================================
Received Import Request.
  Time since last request: 0.000014 seconds.
  path: Assets/Sprites/Water_Priest/Elementals_water_priestess_FREE_v1.1/png/10_sp_atk/sp_atk_9.png
  artifactKey: Guid(a96d14d543bc2e5459d365decae07457) Importer(815301076,1909f56bfc062723c751e8b465ee728b)
Start importing Assets/Sprites/Water_Priest/Elementals_water_priestess_FREE_v1.1/png/10_sp_atk/sp_atk_9.png using Guid(a96d14d543bc2e5459d365decae07457) Importer(815301076,1909f56bfc062723c751e8b465ee728b) [PhysX] Initialized MultithreadedTaskDispatcher with 24 workers.
[PhysX] Initialized MultithreadedTaskDispatcher with 24 workers.
 -> (artifact id: '763bfaa6d7c1641e84e3de91f283aed4') in 0.003555 seconds
Number of updated asset objects reloaded before import = 0
Number of asset objects unloaded after import = 2
========================================================================
Received Import Request.
  Time since last request: 2.621237 seconds.
  path: Assets/Sprites/Water_Priest/Elementals_water_priestess_FREE_v1.1/png/09_3_atk/3_atk_6.png
  artifactKey: Guid(e72e2a9de6067b640bee515c11a675b6) Importer(815301076,1909f56bfc062723c751e8b465ee728b)
Start importing Assets/Sprites/Water_Priest/Elementals_water_priestess_FREE_v1.1/png/09_3_atk/3_atk_6.png using Guid(e72e2a9de6067b640bee515c11a675b6) Importer(815301076,1909f56bfc062723c751e8b465ee728b) [PhysX] Initialized MultithreadedTaskDispatcher with 24 workers.
[PhysX] Initialized MultithreadedTaskDispatcher with 24 workers.
 -> (artifact id: '162c81782f4cbcf4edc14cb77bed4cc1') in 0.006989 seconds
Number of updated asset objects reloaded before import = 0
Number of asset objects unloaded after import = 2
========================================================================
Received Import Request.
  Time since last request: 0.000139 seconds.
  path: Assets/Sprites/Water_Priest/Elementals_water_priestess_FREE_v1.1/png/09_3_atk/3_atk_12.png
  artifactKey: Guid(4fa13a1be9315db468411a431bdb3098) Importer(815301076,1909f56bfc062723c751e8b465ee728b)
Start importing Assets/Sprites/Water_Priest/Elementals_water_priestess_FREE_v1.1/png/09_3_atk/3_atk_12.png using Guid(4fa13a1be9315db468411a431bdb3098) Importer(815301076,1909f56bfc062723c751e8b465ee728b) [PhysX] Initialized MultithreadedTaskDispatcher with 24 workers.
[PhysX] Initialized MultithreadedTaskDispatcher with 24 workers.
 -> (artifact id: '0554201cd0d289a8f9e142baa9b4b6c2') in 0.003801 seconds
Number of updated asset objects reloaded before import = 0
Number of asset objects unloaded after import = 2
========================================================================
Received Import Request.
  Time since last request: 0.707543 seconds.
  path: Assets/Sprites/Water_Priest/Elementals_water_priestess_FREE_v1.1/png/08_2_atk/2_atk_6.png
  artifactKey: Guid(efb0d0222c49c2245a2cb09ecbea9a1d) Importer(815301076,1909f56bfc062723c751e8b465ee728b)
Start importing Assets/Sprites/Water_Priest/Elementals_water_priestess_FREE_v1.1/png/08_2_atk/2_atk_6.png using Guid(efb0d0222c49c2245a2cb09ecbea9a1d) Importer(815301076,1909f56bfc062723c751e8b465ee728b) [PhysX] Initialized MultithreadedTaskDispatcher with 24 workers.
[PhysX] Initialized MultithreadedTaskDispatcher with 24 workers.
 -> (artifact id: 'f43b0cc65758e99650c49475eb4843ec') in 0.006916 seconds
Number of updated asset objects reloaded before import = 0
Number of asset objects unloaded after import = 2
========================================================================
Received Import Request.
  Time since last request: 0.000262 seconds.
  path: Assets/Sprites/Water_Priest/Elementals_water_priestess_FREE_v1.1/png/08_2_atk/2_atk_8.png
  artifactKey: Guid(87604db80ed4a6a419dc84b80f20103b) Importer(815301076,1909f56bfc062723c751e8b465ee728b)
Start importing Assets/Sprites/Water_Priest/Elementals_water_priestess_FREE_v1.1/png/08_2_atk/2_atk_8.png using Guid(87604db80ed4a6a419dc84b80f20103b) Importer(815301076,1909f56bfc062723c751e8b465ee728b) [PhysX] Initialized MultithreadedTaskDispatcher with 24 workers.
[PhysX] Initialized MultithreadedTaskDispatcher with 24 workers.
 -> (artifact id: 'd1aa88df056d882a138d15510e8dc91c') in 0.008541 seconds
Number of updated asset objects reloaded before import = 0
Number of asset objects unloaded after import = 2
========================================================================
Received Import Request.
  Time since last request: 6.169675 seconds.
  path: Assets/Sprites/Water_Priest/Elementals_water_priestess_FREE_v1.1/png/09_3_atk/3_atk_18.png
  artifactKey: Guid(3a3700969e8a23e438e3d7de0981ea11) Importer(815301076,1909f56bfc062723c751e8b465ee728b)
Start importing Assets/Sprites/Water_Priest/Elementals_water_priestess_FREE_v1.1/png/09_3_atk/3_atk_18.png using Guid(3a3700969e8a23e438e3d7de0981ea11) Importer(815301076,1909f56bfc062723c751e8b465ee728b) [PhysX] Initialized MultithreadedTaskDispatcher with 24 workers.
[PhysX] Initialized MultithreadedTaskDispatcher with 24 workers.
 -> (artifact id: '6d4f31f996675cdc7ed9168bd737a6e0') in 0.005022 seconds
Number of updated asset objects reloaded before import = 0
Number of asset objects unloaded after import = 2
========================================================================
Received Import Request.
  Time since last request: 4.958079 seconds.
  path: Assets/Sprites/Water_Priest/Elementals_water_priestess_FREE_v1.1/png/11_heal/heal_8.png
  artifactKey: Guid(799b1a48aa6299246aa37da1ed974e66) Importer(815301076,1909f56bfc062723c751e8b465ee728b)
Start importing Assets/Sprites/Water_Priest/Elementals_water_priestess_FREE_v1.1/png/11_heal/heal_8.png using Guid(799b1a48aa6299246aa37da1ed974e66) Importer(815301076,1909f56bfc062723c751e8b465ee728b) [PhysX] Initialized MultithreadedTaskDispatcher with 24 workers.
[PhysX] Initialized MultithreadedTaskDispatcher with 24 workers.
 -> (artifact id: 'd5f85ff6d6ae62f99149d89f7fbb2200') in 0.031956 seconds
Number of updated asset objects reloaded before import = 0
Number of asset objects unloaded after import = 2
========================================================================
Received Import Request.
  Time since last request: 0.000105 seconds.
  path: Assets/Sprites/Water_Priest/Elementals_water_priestess_FREE_v1.1/png/11_heal/heal_10.png
  artifactKey: Guid(fe9e10331f1d7af46a73e38c0d3d40fc) Importer(815301076,1909f56bfc062723c751e8b465ee728b)
Start importing Assets/Sprites/Water_Priest/Elementals_water_priestess_FREE_v1.1/png/11_heal/heal_10.png using Guid(fe9e10331f1d7af46a73e38c0d3d40fc) Importer(815301076,1909f56bfc062723c751e8b465ee728b) [PhysX] Initialized MultithreadedTaskDispatcher with 24 workers.
[PhysX] Initialized MultithreadedTaskDispatcher with 24 workers.
 -> (artifact id: 'b678545f09881e40a5fe0e6ab8c39459') in 0.046188 seconds
Number of updated asset objects reloaded before import = 0
Number of asset objects unloaded after import = 2
========================================================================
Received Import Request.
  Time since last request: 0.780540 seconds.
  path: Assets/Sprites/Water_Priest/Elementals_water_priestess_FREE_v1.1/png/12_defend/defend_8.png
  artifactKey: Guid(373a7fd42558c694e96982f05a80cd46) Importer(815301076,1909f56bfc062723c751e8b465ee728b)
Start importing Assets/Sprites/Water_Priest/Elementals_water_priestess_FREE_v1.1/png/12_defend/defend_8.png using Guid(373a7fd42558c694e96982f05a80cd46) Importer(815301076,1909f56bfc062723c751e8b465ee728b) [PhysX] Initialized MultithreadedTaskDispatcher with 24 workers.
[PhysX] Initialized MultithreadedTaskDispatcher with 24 workers.
 -> (artifact id: '34eabc8e46600a92c6e09650fd68a155') in 0.005484 seconds
Number of updated asset objects reloaded before import = 0
Number of asset objects unloaded after import = 2
========================================================================
Received Import Request.
  Time since last request: 0.000135 seconds.
  path: Assets/Sprites/Water_Priest/Elementals_water_priestess_FREE_v1.1/png/12_defend/defend_11.png
  artifactKey: Guid(039d2dd4e4db63043bac4afc71c4ada6) Importer(815301076,1909f56bfc062723c751e8b465ee728b)
Start importing Assets/Sprites/Water_Priest/Elementals_water_priestess_FREE_v1.1/png/12_defend/defend_11.png using Guid(039d2dd4e4db63043bac4afc71c4ada6) Importer(815301076,1909f56bfc062723c751e8b465ee728b) [PhysX] Initialized MultithreadedTaskDispatcher with 24 workers.
[PhysX] Initialized MultithreadedTaskDispatcher with 24 workers.
 -> (artifact id: '79c2fd011abd9f8337688820c2482d1b') in 0.003582 seconds
Number of updated asset objects reloaded before import = 0
Number of asset objects unloaded after import = 2
========================================================================
Received Import Request.
  Time since last request: 2.138311 seconds.
  path: Assets/Sprites/Water_Priest/Elementals_water_priestess_FREE_v1.1/png/03_surf/surf_6.png
  artifactKey: Guid(eaab556c884bd1e4f8a400259ab62130) Importer(815301076,1909f56bfc062723c751e8b465ee728b)
Start importing Assets/Sprites/Water_Priest/Elementals_water_priestess_FREE_v1.1/png/03_surf/surf_6.png using Guid(eaab556c884bd1e4f8a400259ab62130) Importer(815301076,1909f56bfc062723c751e8b465ee728b) [PhysX] Initialized MultithreadedTaskDispatcher with 24 workers.
[PhysX] Initialized MultithreadedTaskDispatcher with 24 workers.
 -> (artifact id: '564f644bf836c9e86f64d009eee4e90c') in 0.006777 seconds
Number of updated asset objects reloaded before import = 0
Number of asset objects unloaded after import = 2
========================================================================
Received Import Request.
  Time since last request: 8.040046 seconds.
  path: Assets/Sprites/Water_Priest/Elementals_water_priestess_FREE_v1.1/png/06_tumble/tumble_6.png
  artifactKey: Guid(1541315c1d57ef84a92f7696aa293c35) Importer(815301076,1909f56bfc062723c751e8b465ee728b)
Start importing Assets/Sprites/Water_Priest/Elementals_water_priestess_FREE_v1.1/png/06_tumble/tumble_6.png using Guid(1541315c1d57ef84a92f7696aa293c35) Importer(815301076,1909f56bfc062723c751e8b465ee728b) [PhysX] Initialized MultithreadedTaskDispatcher with 24 workers.
[PhysX] Initialized MultithreadedTaskDispatcher with 24 workers.
 -> (artifact id: '290f04f28753dcae8ee02821aaa3f14c') in 0.045064 seconds
Number of updated asset objects reloaded before import = 0
Number of asset objects unloaded after import = 2
========================================================================
Received Import Request.
  Time since last request: 3.477856 seconds.
  path: Assets/Sprites/Water_Priest/Elementals_water_priestess_FREE_v1.1/png/01_idle/idle_6.png
  artifactKey: Guid(ecb66d3c756b0234baabb3631bab3f0c) Importer(815301076,1909f56bfc062723c751e8b465ee728b)
Start importing Assets/Sprites/Water_Priest/Elementals_water_priestess_FREE_v1.1/png/01_idle/idle_6.png using Guid(ecb66d3c756b0234baabb3631bab3f0c) Importer(815301076,1909f56bfc062723c751e8b465ee728b) [PhysX] Initialized MultithreadedTaskDispatcher with 24 workers.
[PhysX] Initialized MultithreadedTaskDispatcher with 24 workers.
 -> (artifact id: '3106d561cc21f40dde88bee3f58eb2db') in 0.018321 seconds
Number of updated asset objects reloaded before import = 0
Number of asset objects unloaded after import = 2
========================================================================
Received Import Request.
  Time since last request: 1.042982 seconds.
  path: Assets/Sprites/Water_Priest/Elementals_water_priestess_FREE_v1.1/png/02_walk/walk_6.png
  artifactKey: Guid(72131f87b25481f41b1b0fb0c04a9a58) Importer(815301076,1909f56bfc062723c751e8b465ee728b)
Start importing Assets/Sprites/Water_Priest/Elementals_water_priestess_FREE_v1.1/png/02_walk/walk_6.png using Guid(72131f87b25481f41b1b0fb0c04a9a58) Importer(815301076,1909f56bfc062723c751e8b465ee728b) [PhysX] Initialized MultithreadedTaskDispatcher with 24 workers.
[PhysX] Initialized MultithreadedTaskDispatcher with 24 workers.
 -> (artifact id: 'bde6e5c8fc1ed1171e2c8f896717bc34') in 0.033332 seconds
Number of updated asset objects reloaded before import = 0
Number of asset objects unloaded after import = 2
========================================================================
Received Import Request.
  Time since last request: 0.000089 seconds.
  path: Assets/Sprites/Water_Priest/Elementals_water_priestess_FREE_v1.1/png/02_walk/walk_9.png
  artifactKey: Guid(19082608364dfaa4fbfeb6a54343ad1a) Importer(815301076,1909f56bfc062723c751e8b465ee728b)
Start importing Assets/Sprites/Water_Priest/Elementals_water_priestess_FREE_v1.1/png/02_walk/walk_9.png using Guid(19082608364dfaa4fbfeb6a54343ad1a) Importer(815301076,1909f56bfc062723c751e8b465ee728b) [PhysX] Initialized MultithreadedTaskDispatcher with 24 workers.
[PhysX] Initialized MultithreadedTaskDispatcher with 24 workers.
 -> (artifact id: 'a390ee162e4aefc871a70d5ece06f928') in 0.041186 seconds
Number of updated asset objects reloaded before import = 0
Number of asset objects unloaded after import = 2
========================================================================
Received Import Request.
  Time since last request: 4.315184 seconds.
  path: Assets/Sprites/Water_Priest/Elementals_water_priestess_FREE_v1.1/png/air_atk/air_atk_6.png
  artifactKey: Guid(e78ab95b90435f64cadc4f42c1b96a4a) Importer(815301076,1909f56bfc062723c751e8b465ee728b)
Start importing Assets/Sprites/Water_Priest/Elementals_water_priestess_FREE_v1.1/png/air_atk/air_atk_6.png using Guid(e78ab95b90435f64cadc4f42c1b96a4a) Importer(815301076,1909f56bfc062723c751e8b465ee728b) [PhysX] Initialized MultithreadedTaskDispatcher with 24 workers.
[PhysX] Initialized MultithreadedTaskDispatcher with 24 workers.
 -> (artifact id: '7428d955ae260d1f7acbb2f194f4cab2') in 0.030685 seconds
Number of updated asset objects reloaded before import = 0
Number of asset objects unloaded after import = 2
========================================================================
Received Import Request.
  Time since last request: 17.946654 seconds.
  path: Assets/Sprites/Water_Priest/Elementals_water_priestess_FREE_v1.1/png/10_sp_atk/sp_atk_23.png
  artifactKey: Guid(e7baba51e025424458c0b9b87d09a7d5) Importer(815301076,1909f56bfc062723c751e8b465ee728b)
Start importing Assets/Sprites/Water_Priest/Elementals_water_priestess_FREE_v1.1/png/10_sp_atk/sp_atk_23.png using Guid(e7baba51e025424458c0b9b87d09a7d5) Importer(815301076,1909f56bfc062723c751e8b465ee728b) [PhysX] Initialized MultithreadedTaskDispatcher with 24 workers.
[PhysX] Initialized MultithreadedTaskDispatcher with 24 workers.
 -> (artifact id: 'e05f8f8a0548dfcb4a1c57d13c340d7f') in 0.051811 seconds
Number of updated asset objects reloaded before import = 0
Number of asset objects unloaded after import = 2
Editor requested this worker to shutdown with reason: Scaling down because of idle timeout
TcpMessagingSession - receive error: operation aborted. errorcode: 995, details: The I/O operation has been aborted because of either a thread exit or an application request.
AssetImportWorker is now disconnected from the server
Process exiting
Exiting without the bug reporter. Application will terminate with return code 0